WARNING:absl:Tensorflow library not found, tensorflow.io.gfile operations will use native shim calls. GCS paths (i.e. 'gs://...') cannot be accessed.
[cuda(id=0)]
>> CAMINHOS SELECIONADOS: 
>> CAMINHO DOS PESOS PRE-TREINADOS:  /home/marcio/Classifiers_Project/VIT/imagenet21k_ViT-B_16.npz
>> CAMINHO DO DIRETORIO DE SAIDA:  /home/marcio/Classifiers_Project/VIT/RESULTS
-----------------------------------------------------------
>> INICIANDO PIPELINE DE EXECUCAO: 
-----------------------------------------------------------
>> PARAMETROS E CONFIGURACOES DA REDE: 
>> Batch size : 16
>> Steps per epoch: 606
>> Total Steps: 484800
>> XTRAIN shape and type:  (9690, 224, 224, 3) float32
>> YTRAIN shape and type: (9690,) int32
>> XVAL shape and type: (4151, 224, 224, 3) float32
>> YVAL shape and type: (4151,) int32
-----------------------------------------------------------
>> Lendo checkpoint: /home/marcio/Classifiers_Project/VIT/imagenet21k_ViT-B_16.npz

================== CHECKPOINT REPORT ==================
Total parâmetros modelo:      200
Carregados com sucesso:       198
Chaves remapeadas:            0
Ignorados (head):             2
Ignorados (missing):          2
Ignorados (shape mismatch):   0
========================================================


>> TOTAL carregado: 198 parâmetros pré-treinados.
>> PESOS PRE-TREINADOS CARREGADOS COM SUCESSO!
=====================================================
            FINE-TUNNING PARCIAL ATIVADO             
=====================================================
           INICIANDO LOOP DE TREINAMENTO             
=====================================================
[EPOCH 0] train_loss=1.0561 train_acc=0.4994 val_loss=0.9168 val_acc=0.6227
WARNING:absl:The `aggregate` option is deprecated and will be ignored.
[EPOCH 1] train_loss=0.8070 train_acc=0.6822 val_loss=0.6944 val_acc=0.6866
[EPOCH 2] train_loss=0.6849 train_acc=0.7582 val_loss=0.5916 val_acc=0.7433
[EPOCH 3] train_loss=0.6317 train_acc=0.7936 val_loss=0.5779 val_acc=0.7453
[EPOCH 4] train_loss=0.5986 train_acc=0.8133 val_loss=0.6059 val_acc=0.7399
[EPOCH 5] train_loss=0.5705 train_acc=0.8370 val_loss=0.6678 val_acc=0.7226
[EPOCH 6] train_loss=0.5554 train_acc=0.8409 val_loss=0.6077 val_acc=0.7541
[EPOCH 7] train_loss=0.5383 train_acc=0.8555 val_loss=0.5723 val_acc=0.7716
[EPOCH 8] train_loss=0.5262 train_acc=0.8575 val_loss=0.6497 val_acc=0.7381
[EPOCH 9] train_loss=0.5192 train_acc=0.8609 val_loss=0.5575 val_acc=0.7740
[EPOCH 10] train_loss=0.5005 train_acc=0.8801 val_loss=0.5759 val_acc=0.7759
[EPOCH 11] train_loss=0.4941 train_acc=0.8794 val_loss=0.6467 val_acc=0.7450
[EPOCH 12] train_loss=0.4875 train_acc=0.8857 val_loss=0.5805 val_acc=0.7697
[EPOCH 13] train_loss=0.4763 train_acc=0.8921 val_loss=0.5968 val_acc=0.7731
[EPOCH 14] train_loss=0.4752 train_acc=0.8915 val_loss=0.5620 val_acc=0.7869
[EPOCH 15] train_loss=0.4649 train_acc=0.8980 val_loss=0.5678 val_acc=0.7819
[EPOCH 16] train_loss=0.4620 train_acc=0.9011 val_loss=0.5741 val_acc=0.7817
[EPOCH 17] train_loss=0.4549 train_acc=0.9062 val_loss=0.5641 val_acc=0.7919
[EPOCH 18] train_loss=0.4471 train_acc=0.9112 val_loss=0.6551 val_acc=0.7628
[EPOCH 19] train_loss=0.4469 train_acc=0.9090 val_loss=0.6335 val_acc=0.7652
[EPOCH 20] train_loss=0.4475 train_acc=0.9082 val_loss=0.5680 val_acc=0.7880
[EPOCH 21] train_loss=0.4322 train_acc=0.9182 val_loss=0.5754 val_acc=0.7975
[EPOCH 22] train_loss=0.4296 train_acc=0.9208 val_loss=0.5096 val_acc=0.8198
[EPOCH 23] train_loss=0.4233 train_acc=0.9258 val_loss=0.5024 val_acc=0.8130
[EPOCH 24] train_loss=0.4239 train_acc=0.9221 val_loss=0.5062 val_acc=0.8216
[EPOCH 25] train_loss=0.4204 train_acc=0.9249 val_loss=0.5157 val_acc=0.8138
[EPOCH 26] train_loss=0.4143 train_acc=0.9277 val_loss=0.6456 val_acc=0.7704
[EPOCH 27] train_loss=0.4089 train_acc=0.9326 val_loss=0.5540 val_acc=0.8023
[EPOCH 28] train_loss=0.4056 train_acc=0.9363 val_loss=0.5353 val_acc=0.8132
[EPOCH 29] train_loss=0.4070 train_acc=0.9356 val_loss=0.5469 val_acc=0.7987
[EPOCH 30] train_loss=0.4048 train_acc=0.9359 val_loss=0.5021 val_acc=0.8222
[EPOCH 31] train_loss=0.4006 train_acc=0.9368 val_loss=0.5550 val_acc=0.8081
[EPOCH 32] train_loss=0.4019 train_acc=0.9385 val_loss=0.5284 val_acc=0.8172
[EPOCH 33] train_loss=0.3947 train_acc=0.9401 val_loss=0.5172 val_acc=0.8124
[EPOCH 34] train_loss=0.3890 train_acc=0.9455 val_loss=0.5185 val_acc=0.8253
[EPOCH 35] train_loss=0.3890 train_acc=0.9443 val_loss=0.5345 val_acc=0.8102
[EPOCH 36] train_loss=0.3860 train_acc=0.9470 val_loss=0.5801 val_acc=0.7978
[EPOCH 37] train_loss=0.3846 train_acc=0.9472 val_loss=0.5205 val_acc=0.8239
[EPOCH 38] train_loss=0.3865 train_acc=0.9450 val_loss=0.5603 val_acc=0.8066
[EPOCH 39] train_loss=0.3770 train_acc=0.9507 val_loss=0.5509 val_acc=0.8137
[EPOCH 40] train_loss=0.3807 train_acc=0.9483 val_loss=0.5442 val_acc=0.8141
[EPOCH 41] train_loss=0.3764 train_acc=0.9519 val_loss=0.5549 val_acc=0.8087
[EPOCH 42] train_loss=0.3788 train_acc=0.9507 val_loss=0.5253 val_acc=0.8222
[EPOCH 43] train_loss=0.3749 train_acc=0.9526 val_loss=0.5481 val_acc=0.8183
[EPOCH 44] train_loss=0.3646 train_acc=0.9588 val_loss=0.5683 val_acc=0.8050
[EPOCH 45] train_loss=0.3640 train_acc=0.9565 val_loss=0.5123 val_acc=0.8246
[EPOCH 46] train_loss=0.3661 train_acc=0.9589 val_loss=0.5528 val_acc=0.8055
[EPOCH 47] train_loss=0.3644 train_acc=0.9591 val_loss=0.5549 val_acc=0.8070
[EPOCH 48] train_loss=0.3657 train_acc=0.9591 val_loss=0.6014 val_acc=0.7918
[EPOCH 49] train_loss=0.3651 train_acc=0.9580 val_loss=0.5003 val_acc=0.8266
[EPOCH 50] train_loss=0.3597 train_acc=0.9604 val_loss=0.4837 val_acc=0.8301
[EPOCH 51] train_loss=0.3583 train_acc=0.9630 val_loss=0.5096 val_acc=0.8228
[EPOCH 52] train_loss=0.3578 train_acc=0.9629 val_loss=0.5127 val_acc=0.8232
[EPOCH 53] train_loss=0.3606 train_acc=0.9603 val_loss=0.5387 val_acc=0.8197
[EPOCH 54] train_loss=0.3590 train_acc=0.9619 val_loss=0.5466 val_acc=0.8142
[EPOCH 55] train_loss=0.3575 train_acc=0.9649 val_loss=0.5694 val_acc=0.8105
[EPOCH 56] train_loss=0.3528 train_acc=0.9674 val_loss=0.5118 val_acc=0.8297
[EPOCH 57] train_loss=0.3494 train_acc=0.9670 val_loss=0.5359 val_acc=0.8188
[EPOCH 58] train_loss=0.3520 train_acc=0.9655 val_loss=0.5852 val_acc=0.8001
[EPOCH 59] train_loss=0.3538 train_acc=0.9658 val_loss=0.5280 val_acc=0.8199
[EPOCH 60] train_loss=0.3496 train_acc=0.9672 val_loss=0.5464 val_acc=0.8158
[EPOCH 61] train_loss=0.3503 train_acc=0.9655 val_loss=0.5365 val_acc=0.8226
[EPOCH 62] train_loss=0.3489 train_acc=0.9669 val_loss=0.5614 val_acc=0.8113
[EPOCH 63] train_loss=0.3491 train_acc=0.9672 val_loss=0.5776 val_acc=0.8119
[EPOCH 64] train_loss=0.3466 train_acc=0.9691 val_loss=0.5332 val_acc=0.8193
[EPOCH 65] train_loss=0.3477 train_acc=0.9688 val_loss=0.5663 val_acc=0.8141
[EPOCH 66] train_loss=0.3440 train_acc=0.9707 val_loss=0.5150 val_acc=0.8235
[EPOCH 67] train_loss=0.3413 train_acc=0.9732 val_loss=0.5339 val_acc=0.8212
[EPOCH 68] train_loss=0.3423 train_acc=0.9701 val_loss=0.4911 val_acc=0.8377
[EPOCH 69] train_loss=0.3412 train_acc=0.9735 val_loss=0.5162 val_acc=0.8290
[EPOCH 70] train_loss=0.3413 train_acc=0.9730 val_loss=0.5067 val_acc=0.8311
[EPOCH 71] train_loss=0.3431 train_acc=0.9702 val_loss=0.5107 val_acc=0.8271
[EPOCH 72] train_loss=0.3413 train_acc=0.9722 val_loss=0.5056 val_acc=0.8301
[EPOCH 73] train_loss=0.3378 train_acc=0.9743 val_loss=0.5166 val_acc=0.8276
[EPOCH 74] train_loss=0.3384 train_acc=0.9735 val_loss=0.4844 val_acc=0.8443
[EPOCH 75] train_loss=0.3381 train_acc=0.9745 val_loss=0.4799 val_acc=0.8415
[EPOCH 76] train_loss=0.3380 train_acc=0.9740 val_loss=0.5401 val_acc=0.8246
[EPOCH 77] train_loss=0.3354 train_acc=0.9757 val_loss=0.5113 val_acc=0.8346
[EPOCH 78] train_loss=0.3336 train_acc=0.9771 val_loss=0.5315 val_acc=0.8276
[EPOCH 79] train_loss=0.3351 train_acc=0.9765 val_loss=0.5502 val_acc=0.8201
[EPOCH 80] train_loss=0.3387 train_acc=0.9714 val_loss=0.4802 val_acc=0.8424
[EPOCH 81] train_loss=0.3318 train_acc=0.9784 val_loss=0.5172 val_acc=0.8332
[EPOCH 82] train_loss=0.3365 train_acc=0.9755 val_loss=0.5217 val_acc=0.8275
[EPOCH 83] train_loss=0.3356 train_acc=0.9761 val_loss=0.5057 val_acc=0.8390
[EPOCH 84] train_loss=0.3296 train_acc=0.9790 val_loss=0.5388 val_acc=0.8220
[EPOCH 85] train_loss=0.3314 train_acc=0.9776 val_loss=0.5429 val_acc=0.8243
[EPOCH 86] train_loss=0.3327 train_acc=0.9763 val_loss=0.5010 val_acc=0.8415
[EPOCH 87] train_loss=0.3364 train_acc=0.9751 val_loss=0.5068 val_acc=0.8329
[EPOCH 88] train_loss=0.3310 train_acc=0.9780 val_loss=0.5035 val_acc=0.8350
[EPOCH 89] train_loss=0.3272 train_acc=0.9806 val_loss=0.5415 val_acc=0.8252
[EPOCH 90] train_loss=0.3284 train_acc=0.9800 val_loss=0.5281 val_acc=0.8271
[EPOCH 91] train_loss=0.3311 train_acc=0.9778 val_loss=0.4950 val_acc=0.8388
[EPOCH 92] train_loss=0.3307 train_acc=0.9784 val_loss=0.5078 val_acc=0.8336
[EPOCH 93] train_loss=0.3261 train_acc=0.9802 val_loss=0.5097 val_acc=0.8379
[EPOCH 94] train_loss=0.3279 train_acc=0.9802 val_loss=0.5142 val_acc=0.8347
[EPOCH 95] train_loss=0.3283 train_acc=0.9792 val_loss=0.4664 val_acc=0.8472
[EPOCH 96] train_loss=0.3265 train_acc=0.9822 val_loss=0.5589 val_acc=0.8198
[EPOCH 97] train_loss=0.3282 train_acc=0.9799 val_loss=0.4920 val_acc=0.8426
[EPOCH 98] train_loss=0.3249 train_acc=0.9825 val_loss=0.5091 val_acc=0.8341
[EPOCH 99] train_loss=0.3252 train_acc=0.9809 val_loss=0.5203 val_acc=0.8322
[EPOCH 100] train_loss=0.3254 train_acc=0.9820 val_loss=0.5130 val_acc=0.8393
[EPOCH 101] train_loss=0.3240 train_acc=0.9821 val_loss=0.5236 val_acc=0.8346
[EPOCH 102] train_loss=0.3254 train_acc=0.9817 val_loss=0.5331 val_acc=0.8345
[EPOCH 103] train_loss=0.3270 train_acc=0.9804 val_loss=0.4770 val_acc=0.8466
[EPOCH 104] train_loss=0.3248 train_acc=0.9813 val_loss=0.5145 val_acc=0.8341
[EPOCH 105] train_loss=0.3247 train_acc=0.9821 val_loss=0.5296 val_acc=0.8342
[EPOCH 106] train_loss=0.3227 train_acc=0.9824 val_loss=0.5066 val_acc=0.8402
[EPOCH 107] train_loss=0.3198 train_acc=0.9842 val_loss=0.5434 val_acc=0.8316
[EPOCH 108] train_loss=0.3297 train_acc=0.9792 val_loss=0.4869 val_acc=0.8443
[EPOCH 109] train_loss=0.3229 train_acc=0.9825 val_loss=0.4940 val_acc=0.8455
[EPOCH 110] train_loss=0.3187 train_acc=0.9853 val_loss=0.4951 val_acc=0.8473
[EPOCH 111] train_loss=0.3217 train_acc=0.9844 val_loss=0.5227 val_acc=0.8375
[EPOCH 112] train_loss=0.3229 train_acc=0.9832 val_loss=0.5043 val_acc=0.8435
[EPOCH 113] train_loss=0.3212 train_acc=0.9843 val_loss=0.5529 val_acc=0.8225
[EPOCH 114] train_loss=0.3229 train_acc=0.9833 val_loss=0.5411 val_acc=0.8348
[EPOCH 115] train_loss=0.3231 train_acc=0.9822 val_loss=0.5375 val_acc=0.8341
[EPOCH 116] train_loss=0.3214 train_acc=0.9837 val_loss=0.5764 val_acc=0.8231
[EPOCH 117] train_loss=0.3213 train_acc=0.9837 val_loss=0.5369 val_acc=0.8324
[EPOCH 118] train_loss=0.3228 train_acc=0.9830 val_loss=0.5303 val_acc=0.8345
[EPOCH 119] train_loss=0.3226 train_acc=0.9826 val_loss=0.5379 val_acc=0.8331
[EPOCH 120] train_loss=0.3196 train_acc=0.9847 val_loss=0.5140 val_acc=0.8432
[EPOCH 121] train_loss=0.3180 train_acc=0.9854 val_loss=0.5218 val_acc=0.8349
[EPOCH 122] train_loss=0.3184 train_acc=0.9849 val_loss=0.5448 val_acc=0.8280
[EPOCH 123] train_loss=0.3198 train_acc=0.9845 val_loss=0.5157 val_acc=0.8382
[EPOCH 124] train_loss=0.3200 train_acc=0.9843 val_loss=0.5123 val_acc=0.8363
[EPOCH 125] train_loss=0.3173 train_acc=0.9860 val_loss=0.5671 val_acc=0.8238
[EPOCH 126] train_loss=0.3141 train_acc=0.9881 val_loss=0.5437 val_acc=0.8283
[EPOCH 127] train_loss=0.3200 train_acc=0.9839 val_loss=0.5099 val_acc=0.8447
[EPOCH 128] train_loss=0.3195 train_acc=0.9841 val_loss=0.5026 val_acc=0.8403
[EPOCH 129] train_loss=0.3176 train_acc=0.9868 val_loss=0.5092 val_acc=0.8389
[EPOCH 130] train_loss=0.3164 train_acc=0.9856 val_loss=0.5527 val_acc=0.8276
[EPOCH 131] train_loss=0.3204 train_acc=0.9850 val_loss=0.5156 val_acc=0.8370
[EPOCH 132] train_loss=0.3152 train_acc=0.9873 val_loss=0.4715 val_acc=0.8542
[EPOCH 133] train_loss=0.3136 train_acc=0.9882 val_loss=0.4923 val_acc=0.8471
[EPOCH 134] train_loss=0.3190 train_acc=0.9850 val_loss=0.4916 val_acc=0.8453
[EPOCH 135] train_loss=0.3164 train_acc=0.9858 val_loss=0.4787 val_acc=0.8488
[EPOCH 136] train_loss=0.3133 train_acc=0.9888 val_loss=0.4963 val_acc=0.8476
[EPOCH 137] train_loss=0.3126 train_acc=0.9889 val_loss=0.4785 val_acc=0.8510
[EPOCH 138] train_loss=0.3141 train_acc=0.9872 val_loss=0.4719 val_acc=0.8587
[EPOCH 139] train_loss=0.3141 train_acc=0.9872 val_loss=0.4905 val_acc=0.8427
[EPOCH 140] train_loss=0.3162 train_acc=0.9862 val_loss=0.4714 val_acc=0.8530
[EPOCH 141] train_loss=0.3132 train_acc=0.9881 val_loss=0.5074 val_acc=0.8418
[EPOCH 142] train_loss=0.3170 train_acc=0.9855 val_loss=0.5401 val_acc=0.8281
[EPOCH 143] train_loss=0.3142 train_acc=0.9880 val_loss=0.5421 val_acc=0.8305
[EPOCH 144] train_loss=0.3163 train_acc=0.9862 val_loss=0.5247 val_acc=0.8351
[EPOCH 145] train_loss=0.3141 train_acc=0.9877 val_loss=0.4735 val_acc=0.8507
[EPOCH 146] train_loss=0.3141 train_acc=0.9878 val_loss=0.4951 val_acc=0.8421
[EPOCH 147] train_loss=0.3140 train_acc=0.9884 val_loss=0.4979 val_acc=0.8409
[EPOCH 148] train_loss=0.3131 train_acc=0.9887 val_loss=0.4698 val_acc=0.8505
[EPOCH 149] train_loss=0.3142 train_acc=0.9872 val_loss=0.5518 val_acc=0.8288
[EPOCH 150] train_loss=0.3167 train_acc=0.9866 val_loss=0.5029 val_acc=0.8439
[EPOCH 151] train_loss=0.3151 train_acc=0.9875 val_loss=0.5165 val_acc=0.8418
[EPOCH 152] train_loss=0.3128 train_acc=0.9888 val_loss=0.5424 val_acc=0.8329
[EPOCH 153] train_loss=0.3122 train_acc=0.9891 val_loss=0.4973 val_acc=0.8488
[EPOCH 154] train_loss=0.3122 train_acc=0.9888 val_loss=0.4777 val_acc=0.8588
[EPOCH 155] train_loss=0.3142 train_acc=0.9876 val_loss=0.4890 val_acc=0.8495
[EPOCH 156] train_loss=0.3108 train_acc=0.9900 val_loss=0.4771 val_acc=0.8546
[EPOCH 157] train_loss=0.3146 train_acc=0.9864 val_loss=0.4721 val_acc=0.8527
[EPOCH 158] train_loss=0.3115 train_acc=0.9895 val_loss=0.4857 val_acc=0.8471
[EPOCH 159] train_loss=0.3150 train_acc=0.9873 val_loss=0.4840 val_acc=0.8525
[EPOCH 160] train_loss=0.3137 train_acc=0.9884 val_loss=0.4809 val_acc=0.8528
[EPOCH 161] train_loss=0.3107 train_acc=0.9898 val_loss=0.5030 val_acc=0.8422
[EPOCH 162] train_loss=0.3087 train_acc=0.9915 val_loss=0.4692 val_acc=0.8579
[EPOCH 163] train_loss=0.3159 train_acc=0.9870 val_loss=0.5170 val_acc=0.8378
[EPOCH 164] train_loss=0.3107 train_acc=0.9904 val_loss=0.5518 val_acc=0.8284
[EPOCH 165] train_loss=0.3133 train_acc=0.9876 val_loss=0.5093 val_acc=0.8422
[EPOCH 166] train_loss=0.3096 train_acc=0.9906 val_loss=0.4803 val_acc=0.8516
[EPOCH 167] train_loss=0.3125 train_acc=0.9893 val_loss=0.4679 val_acc=0.8536
[EPOCH 168] train_loss=0.3125 train_acc=0.9887 val_loss=0.4856 val_acc=0.8515
[EPOCH 169] train_loss=0.3086 train_acc=0.9907 val_loss=0.5098 val_acc=0.8422
[EPOCH 170] train_loss=0.3105 train_acc=0.9897 val_loss=0.5286 val_acc=0.8428
[EPOCH 171] train_loss=0.3108 train_acc=0.9900 val_loss=0.4861 val_acc=0.8517
[EPOCH 172] train_loss=0.3111 train_acc=0.9888 val_loss=0.4958 val_acc=0.8479
[EPOCH 173] train_loss=0.3094 train_acc=0.9900 val_loss=0.5044 val_acc=0.8472
[EPOCH 174] train_loss=0.3075 train_acc=0.9908 val_loss=0.5023 val_acc=0.8489
[EPOCH 175] train_loss=0.3101 train_acc=0.9888 val_loss=0.4605 val_acc=0.8612
[EPOCH 176] train_loss=0.3122 train_acc=0.9885 val_loss=0.5064 val_acc=0.8442
[EPOCH 177] train_loss=0.3099 train_acc=0.9897 val_loss=0.4659 val_acc=0.8539
[EPOCH 178] train_loss=0.3098 train_acc=0.9903 val_loss=0.4808 val_acc=0.8516
[EPOCH 179] train_loss=0.3105 train_acc=0.9897 val_loss=0.4936 val_acc=0.8501
[EPOCH 180] train_loss=0.3080 train_acc=0.9908 val_loss=0.4820 val_acc=0.8533
[EPOCH 181] train_loss=0.3105 train_acc=0.9897 val_loss=0.4608 val_acc=0.8626
[EPOCH 182] train_loss=0.3120 train_acc=0.9894 val_loss=0.4947 val_acc=0.8474
[EPOCH 183] train_loss=0.3105 train_acc=0.9901 val_loss=0.4873 val_acc=0.8466
[EPOCH 184] train_loss=0.3074 train_acc=0.9919 val_loss=0.4747 val_acc=0.8504
[EPOCH 185] train_loss=0.3062 train_acc=0.9926 val_loss=0.4872 val_acc=0.8530
[EPOCH 186] train_loss=0.3104 train_acc=0.9892 val_loss=0.4840 val_acc=0.8519
[EPOCH 187] train_loss=0.3096 train_acc=0.9903 val_loss=0.4626 val_acc=0.8591
[EPOCH 188] train_loss=0.3068 train_acc=0.9925 val_loss=0.4721 val_acc=0.8564
[EPOCH 189] train_loss=0.3098 train_acc=0.9896 val_loss=0.4757 val_acc=0.8538
[EPOCH 190] train_loss=0.3098 train_acc=0.9906 val_loss=0.4562 val_acc=0.8574
[EPOCH 191] train_loss=0.3066 train_acc=0.9923 val_loss=0.5148 val_acc=0.8428
[EPOCH 192] train_loss=0.3107 train_acc=0.9902 val_loss=0.4399 val_acc=0.8654
[EPOCH 193] train_loss=0.3079 train_acc=0.9910 val_loss=0.4546 val_acc=0.8652
[EPOCH 194] train_loss=0.3065 train_acc=0.9923 val_loss=0.5073 val_acc=0.8502
[EPOCH 195] train_loss=0.3085 train_acc=0.9904 val_loss=0.4894 val_acc=0.8509
[EPOCH 196] train_loss=0.3081 train_acc=0.9907 val_loss=0.4706 val_acc=0.8562
[EPOCH 197] train_loss=0.3082 train_acc=0.9908 val_loss=0.4519 val_acc=0.8583
[EPOCH 198] train_loss=0.3062 train_acc=0.9920 val_loss=0.4748 val_acc=0.8542
[EPOCH 199] train_loss=0.3082 train_acc=0.9903 val_loss=0.4786 val_acc=0.8486
[EPOCH 200] train_loss=0.3071 train_acc=0.9915 val_loss=0.5177 val_acc=0.8397
[EPOCH 201] train_loss=0.3075 train_acc=0.9913 val_loss=0.4927 val_acc=0.8466
[EPOCH 202] train_loss=0.3107 train_acc=0.9896 val_loss=0.4960 val_acc=0.8457
[EPOCH 203] train_loss=0.3086 train_acc=0.9911 val_loss=0.5198 val_acc=0.8397
[EPOCH 204] train_loss=0.3072 train_acc=0.9908 val_loss=0.4807 val_acc=0.8525
[EPOCH 205] train_loss=0.3058 train_acc=0.9928 val_loss=0.4799 val_acc=0.8508
[EPOCH 206] train_loss=0.3089 train_acc=0.9909 val_loss=0.4953 val_acc=0.8417
[EPOCH 207] train_loss=0.3091 train_acc=0.9906 val_loss=0.4695 val_acc=0.8581
[EPOCH 208] train_loss=0.3060 train_acc=0.9928 val_loss=0.4505 val_acc=0.8610
[EPOCH 209] train_loss=0.3059 train_acc=0.9928 val_loss=0.4651 val_acc=0.8568
[EPOCH 210] train_loss=0.3079 train_acc=0.9913 val_loss=0.4708 val_acc=0.8542
[EPOCH 211] train_loss=0.3063 train_acc=0.9919 val_loss=0.4542 val_acc=0.8618
[EPOCH 212] train_loss=0.3057 train_acc=0.9920 val_loss=0.4681 val_acc=0.8521
[EPOCH 213] train_loss=0.3102 train_acc=0.9899 val_loss=0.4661 val_acc=0.8577
[EPOCH 214] train_loss=0.3069 train_acc=0.9922 val_loss=0.4678 val_acc=0.8611
[EPOCH 215] train_loss=0.3057 train_acc=0.9931 val_loss=0.4861 val_acc=0.8544
[EPOCH 216] train_loss=0.3080 train_acc=0.9908 val_loss=0.4508 val_acc=0.8651
[EPOCH 217] train_loss=0.3054 train_acc=0.9918 val_loss=0.4807 val_acc=0.8550
[EPOCH 218] train_loss=0.3029 train_acc=0.9936 val_loss=0.4809 val_acc=0.8549
[EPOCH 219] train_loss=0.3086 train_acc=0.9905 val_loss=0.4626 val_acc=0.8580
[EPOCH 220] train_loss=0.3067 train_acc=0.9915 val_loss=0.5200 val_acc=0.8415
[EPOCH 221] train_loss=0.3056 train_acc=0.9925 val_loss=0.4842 val_acc=0.8546
[EPOCH 222] train_loss=0.3050 train_acc=0.9931 val_loss=0.4978 val_acc=0.8510
[EPOCH 223] train_loss=0.3034 train_acc=0.9942 val_loss=0.4865 val_acc=0.8548
[EPOCH 224] train_loss=0.3030 train_acc=0.9935 val_loss=0.4913 val_acc=0.8537
[EPOCH 225] train_loss=0.3083 train_acc=0.9907 val_loss=0.4830 val_acc=0.8531
[EPOCH 226] train_loss=0.3068 train_acc=0.9925 val_loss=0.5049 val_acc=0.8507
[EPOCH 227] train_loss=0.3035 train_acc=0.9934 val_loss=0.5268 val_acc=0.8402
[EPOCH 228] train_loss=0.3073 train_acc=0.9914 val_loss=0.4844 val_acc=0.8536
[EPOCH 229] train_loss=0.3059 train_acc=0.9931 val_loss=0.5205 val_acc=0.8439
[EPOCH 230] train_loss=0.3038 train_acc=0.9940 val_loss=0.5040 val_acc=0.8510
[EPOCH 231] train_loss=0.3030 train_acc=0.9933 val_loss=0.4956 val_acc=0.8535
[EPOCH 232] train_loss=0.3066 train_acc=0.9916 val_loss=0.4844 val_acc=0.8561
[EPOCH 233] train_loss=0.3052 train_acc=0.9930 val_loss=0.4838 val_acc=0.8505
[EPOCH 234] train_loss=0.3051 train_acc=0.9924 val_loss=0.5007 val_acc=0.8484
[EPOCH 235] train_loss=0.3066 train_acc=0.9912 val_loss=0.4714 val_acc=0.8574
[EPOCH 236] train_loss=0.3054 train_acc=0.9923 val_loss=0.4533 val_acc=0.8637
[EPOCH 237] train_loss=0.3064 train_acc=0.9917 val_loss=0.5077 val_acc=0.8429
[EPOCH 238] train_loss=0.3030 train_acc=0.9938 val_loss=0.5050 val_acc=0.8451
[EPOCH 239] train_loss=0.3044 train_acc=0.9931 val_loss=0.4597 val_acc=0.8613
[EPOCH 240] train_loss=0.3022 train_acc=0.9945 val_loss=0.4865 val_acc=0.8508
[EPOCH 241] train_loss=0.3015 train_acc=0.9956 val_loss=0.5017 val_acc=0.8497
[EPOCH 242] train_loss=0.3053 train_acc=0.9933 val_loss=0.5132 val_acc=0.8476
[EPOCH 243] train_loss=0.3048 train_acc=0.9927 val_loss=0.5204 val_acc=0.8458
[EPOCH 244] train_loss=0.3069 train_acc=0.9912 val_loss=0.4588 val_acc=0.8617
[EPOCH 245] train_loss=0.3060 train_acc=0.9916 val_loss=0.4599 val_acc=0.8593
[EPOCH 246] train_loss=0.3042 train_acc=0.9926 val_loss=0.4801 val_acc=0.8554
[EPOCH 247] train_loss=0.3045 train_acc=0.9929 val_loss=0.4647 val_acc=0.8593
[EPOCH 248] train_loss=0.3027 train_acc=0.9934 val_loss=0.4773 val_acc=0.8568
[EPOCH 249] train_loss=0.3031 train_acc=0.9938 val_loss=0.4466 val_acc=0.8663
[EPOCH 250] train_loss=0.3043 train_acc=0.9930 val_loss=0.4823 val_acc=0.8554
[EPOCH 251] train_loss=0.3026 train_acc=0.9938 val_loss=0.4563 val_acc=0.8612
[EPOCH 252] train_loss=0.3045 train_acc=0.9931 val_loss=0.4896 val_acc=0.8532
[EPOCH 253] train_loss=0.3035 train_acc=0.9938 val_loss=0.4775 val_acc=0.8509
[EPOCH 254] train_loss=0.3019 train_acc=0.9950 val_loss=0.4803 val_acc=0.8537
[EPOCH 255] train_loss=0.3013 train_acc=0.9954 val_loss=0.4749 val_acc=0.8567
[EPOCH 256] train_loss=0.3078 train_acc=0.9914 val_loss=0.5009 val_acc=0.8456
[EPOCH 257] train_loss=0.3037 train_acc=0.9930 val_loss=0.4746 val_acc=0.8562
[EPOCH 258] train_loss=0.3043 train_acc=0.9930 val_loss=0.4810 val_acc=0.8549
[EPOCH 259] train_loss=0.3066 train_acc=0.9920 val_loss=0.4797 val_acc=0.8569
[EPOCH 260] train_loss=0.3041 train_acc=0.9936 val_loss=0.4933 val_acc=0.8525
[EPOCH 261] train_loss=0.3013 train_acc=0.9943 val_loss=0.4798 val_acc=0.8574
[EPOCH 262] train_loss=0.3038 train_acc=0.9941 val_loss=0.4597 val_acc=0.8607
[EPOCH 263] train_loss=0.3031 train_acc=0.9934 val_loss=0.4716 val_acc=0.8591
[EPOCH 264] train_loss=0.3017 train_acc=0.9950 val_loss=0.4902 val_acc=0.8542
[EPOCH 265] train_loss=0.3028 train_acc=0.9937 val_loss=0.5014 val_acc=0.8541
[EPOCH 266] train_loss=0.3015 train_acc=0.9945 val_loss=0.5198 val_acc=0.8452
[EPOCH 267] train_loss=0.3043 train_acc=0.9932 val_loss=0.5099 val_acc=0.8470
[EPOCH 268] train_loss=0.3012 train_acc=0.9946 val_loss=0.5143 val_acc=0.8485
[EPOCH 269] train_loss=0.3038 train_acc=0.9934 val_loss=0.4992 val_acc=0.8524
[EPOCH 270] train_loss=0.3042 train_acc=0.9940 val_loss=0.4963 val_acc=0.8533
[EPOCH 271] train_loss=0.3040 train_acc=0.9930 val_loss=0.4682 val_acc=0.8589
[EPOCH 272] train_loss=0.3043 train_acc=0.9932 val_loss=0.4682 val_acc=0.8566
[EPOCH 273] train_loss=0.3002 train_acc=0.9957 val_loss=0.4715 val_acc=0.8646
[EPOCH 274] train_loss=0.3041 train_acc=0.9934 val_loss=0.4563 val_acc=0.8665
[EPOCH 275] train_loss=0.3023 train_acc=0.9942 val_loss=0.4554 val_acc=0.8653
[EPOCH 276] train_loss=0.3018 train_acc=0.9949 val_loss=0.4401 val_acc=0.8681
[EPOCH 277] train_loss=0.3003 train_acc=0.9960 val_loss=0.4679 val_acc=0.8617
[EPOCH 278] train_loss=0.3042 train_acc=0.9927 val_loss=0.4630 val_acc=0.8644
[EPOCH 279] train_loss=0.3044 train_acc=0.9926 val_loss=0.4586 val_acc=0.8631
[EPOCH 280] train_loss=0.3044 train_acc=0.9932 val_loss=0.4415 val_acc=0.8639
[EPOCH 281] train_loss=0.3019 train_acc=0.9950 val_loss=0.4578 val_acc=0.8604
[EPOCH 282] train_loss=0.3018 train_acc=0.9944 val_loss=0.4767 val_acc=0.8557
[EPOCH 283] train_loss=0.3018 train_acc=0.9948 val_loss=0.4546 val_acc=0.8653
[EPOCH 284] train_loss=0.3019 train_acc=0.9947 val_loss=0.4827 val_acc=0.8551
[EPOCH 285] train_loss=0.3035 train_acc=0.9935 val_loss=0.4582 val_acc=0.8601
[EPOCH 286] train_loss=0.3013 train_acc=0.9953 val_loss=0.4681 val_acc=0.8589
[EPOCH 287] train_loss=0.3031 train_acc=0.9935 val_loss=0.4490 val_acc=0.8642
[EPOCH 288] train_loss=0.3005 train_acc=0.9957 val_loss=0.4831 val_acc=0.8537
[EPOCH 289] train_loss=0.3026 train_acc=0.9945 val_loss=0.4802 val_acc=0.8578
[EPOCH 290] train_loss=0.3023 train_acc=0.9943 val_loss=0.4615 val_acc=0.8620
WARNING:absl:The `aggregate` option is deprecated and will be ignored.
[EPOCH 291] train_loss=0.3028 train_acc=0.9934 val_loss=0.4595 val_acc=0.8592
[EPOCH 292] train_loss=0.3023 train_acc=0.9943 val_loss=0.4703 val_acc=0.8570
[EPOCH 293] train_loss=0.3013 train_acc=0.9949 val_loss=0.4643 val_acc=0.8621
[EPOCH 294] train_loss=0.3031 train_acc=0.9943 val_loss=0.4748 val_acc=0.8583
[EPOCH 295] train_loss=0.3015 train_acc=0.9946 val_loss=0.4943 val_acc=0.8496
[EPOCH 296] train_loss=0.3033 train_acc=0.9930 val_loss=0.4782 val_acc=0.8565
[EPOCH 297] train_loss=0.3032 train_acc=0.9941 val_loss=0.4765 val_acc=0.8585
[EPOCH 298] train_loss=0.3006 train_acc=0.9948 val_loss=0.4633 val_acc=0.8621
[EPOCH 299] train_loss=0.3033 train_acc=0.9938 val_loss=0.4642 val_acc=0.8651
[EPOCH 300] train_loss=0.3028 train_acc=0.9940 val_loss=0.4808 val_acc=0.8574
[EPOCH 301] train_loss=0.3021 train_acc=0.9941 val_loss=0.4892 val_acc=0.8527
[EPOCH 302] train_loss=0.3015 train_acc=0.9946 val_loss=0.4478 val_acc=0.8663
[EPOCH 303] train_loss=0.3014 train_acc=0.9940 val_loss=0.4651 val_acc=0.8599
[EPOCH 304] train_loss=0.3015 train_acc=0.9943 val_loss=0.4738 val_acc=0.8605
[EPOCH 305] train_loss=0.3006 train_acc=0.9947 val_loss=0.4878 val_acc=0.8541
[EPOCH 306] train_loss=0.2994 train_acc=0.9956 val_loss=0.4658 val_acc=0.8610
[EPOCH 307] train_loss=0.3014 train_acc=0.9948 val_loss=0.4859 val_acc=0.8522
[EPOCH 308] train_loss=0.2973 train_acc=0.9965 val_loss=0.4840 val_acc=0.8574
[EPOCH 309] train_loss=0.3013 train_acc=0.9948 val_loss=0.4677 val_acc=0.8636
[EPOCH 310] train_loss=0.3002 train_acc=0.9959 val_loss=0.4938 val_acc=0.8548
[EPOCH 311] train_loss=0.2999 train_acc=0.9949 val_loss=0.4911 val_acc=0.8573
[EPOCH 312] train_loss=0.2990 train_acc=0.9966 val_loss=0.4674 val_acc=0.8629
[EPOCH 313] train_loss=0.3031 train_acc=0.9937 val_loss=0.4695 val_acc=0.8588
[EPOCH 314] train_loss=0.2999 train_acc=0.9959 val_loss=0.4810 val_acc=0.8597
[EPOCH 315] train_loss=0.3036 train_acc=0.9934 val_loss=0.4547 val_acc=0.8649
[EPOCH 316] train_loss=0.2998 train_acc=0.9956 val_loss=0.4704 val_acc=0.8604
[EPOCH 317] train_loss=0.2988 train_acc=0.9961 val_loss=0.4947 val_acc=0.8538
[EPOCH 318] train_loss=0.3008 train_acc=0.9949 val_loss=0.4431 val_acc=0.8667
[EPOCH 319] train_loss=0.2995 train_acc=0.9959 val_loss=0.4469 val_acc=0.8667
[EPOCH 320] train_loss=0.2996 train_acc=0.9958 val_loss=0.4587 val_acc=0.8657
[EPOCH 321] train_loss=0.3020 train_acc=0.9942 val_loss=0.5009 val_acc=0.8513
[EPOCH 322] train_loss=0.2999 train_acc=0.9956 val_loss=0.4601 val_acc=0.8676
[EPOCH 323] train_loss=0.3019 train_acc=0.9941 val_loss=0.4662 val_acc=0.8580
[EPOCH 324] train_loss=0.3024 train_acc=0.9940 val_loss=0.4604 val_acc=0.8616
[EPOCH 325] train_loss=0.3017 train_acc=0.9944 val_loss=0.4390 val_acc=0.8692
[EPOCH 326] train_loss=0.2992 train_acc=0.9958 val_loss=0.4455 val_acc=0.8693
[EPOCH 327] train_loss=0.2992 train_acc=0.9959 val_loss=0.4450 val_acc=0.8676
[EPOCH 328] train_loss=0.3016 train_acc=0.9947 val_loss=0.4406 val_acc=0.8693
[EPOCH 329] train_loss=0.3014 train_acc=0.9945 val_loss=0.4283 val_acc=0.8742
[EPOCH 330] train_loss=0.3019 train_acc=0.9947 val_loss=0.4749 val_acc=0.8558
[EPOCH 331] train_loss=0.2989 train_acc=0.9969 val_loss=0.4889 val_acc=0.8563
[EPOCH 332] train_loss=0.2990 train_acc=0.9960 val_loss=0.4572 val_acc=0.8621
[EPOCH 333] train_loss=0.3012 train_acc=0.9949 val_loss=0.4509 val_acc=0.8655
[EPOCH 334] train_loss=0.3008 train_acc=0.9950 val_loss=0.4455 val_acc=0.8713
[EPOCH 335] train_loss=0.3009 train_acc=0.9944 val_loss=0.4416 val_acc=0.8675
[EPOCH 336] train_loss=0.2992 train_acc=0.9956 val_loss=0.4630 val_acc=0.8622
[EPOCH 337] train_loss=0.3008 train_acc=0.9954 val_loss=0.4671 val_acc=0.8610
[EPOCH 338] train_loss=0.3021 train_acc=0.9944 val_loss=0.4478 val_acc=0.8629
[EPOCH 339] train_loss=0.2994 train_acc=0.9958 val_loss=0.4670 val_acc=0.8633
[EPOCH 340] train_loss=0.3007 train_acc=0.9952 val_loss=0.4544 val_acc=0.8679
[EPOCH 341] train_loss=0.2995 train_acc=0.9957 val_loss=0.4693 val_acc=0.8653
[EPOCH 342] train_loss=0.3012 train_acc=0.9949 val_loss=0.4760 val_acc=0.8626
[EPOCH 343] train_loss=0.2989 train_acc=0.9962 val_loss=0.4898 val_acc=0.8620
[EPOCH 344] train_loss=0.2990 train_acc=0.9961 val_loss=0.4770 val_acc=0.8622
[EPOCH 345] train_loss=0.3010 train_acc=0.9949 val_loss=0.4426 val_acc=0.8704
[EPOCH 346] train_loss=0.3006 train_acc=0.9949 val_loss=0.4516 val_acc=0.8686
[EPOCH 347] train_loss=0.2995 train_acc=0.9954 val_loss=0.4550 val_acc=0.8689
[EPOCH 348] train_loss=0.3008 train_acc=0.9945 val_loss=0.4618 val_acc=0.8633
[EPOCH 349] train_loss=0.2997 train_acc=0.9959 val_loss=0.4936 val_acc=0.8560
[EPOCH 350] train_loss=0.3014 train_acc=0.9948 val_loss=0.4631 val_acc=0.8650
[EPOCH 351] train_loss=0.2995 train_acc=0.9962 val_loss=0.4703 val_acc=0.8641
[EPOCH 352] train_loss=0.2981 train_acc=0.9962 val_loss=0.4858 val_acc=0.8597
[EPOCH 353] train_loss=0.3010 train_acc=0.9950 val_loss=0.5391 val_acc=0.8405
[EPOCH 354] train_loss=0.2995 train_acc=0.9956 val_loss=0.4929 val_acc=0.8578
[EPOCH 355] train_loss=0.3009 train_acc=0.9949 val_loss=0.4601 val_acc=0.8624
[EPOCH 356] train_loss=0.3010 train_acc=0.9950 val_loss=0.4530 val_acc=0.8651
[EPOCH 357] train_loss=0.2994 train_acc=0.9950 val_loss=0.4714 val_acc=0.8620
[EPOCH 358] train_loss=0.2993 train_acc=0.9961 val_loss=0.4623 val_acc=0.8642
[EPOCH 359] train_loss=0.3003 train_acc=0.9952 val_loss=0.4830 val_acc=0.8574
[EPOCH 360] train_loss=0.2995 train_acc=0.9955 val_loss=0.4868 val_acc=0.8527
[EPOCH 361] train_loss=0.3028 train_acc=0.9942 val_loss=0.4598 val_acc=0.8604
[EPOCH 362] train_loss=0.2994 train_acc=0.9957 val_loss=0.4777 val_acc=0.8559
[EPOCH 363] train_loss=0.2980 train_acc=0.9964 val_loss=0.4801 val_acc=0.8575
[EPOCH 364] train_loss=0.2994 train_acc=0.9956 val_loss=0.4576 val_acc=0.8623
[EPOCH 365] train_loss=0.3009 train_acc=0.9949 val_loss=0.4593 val_acc=0.8650
[EPOCH 366] train_loss=0.2998 train_acc=0.9954 val_loss=0.4411 val_acc=0.8681
[EPOCH 367] train_loss=0.2989 train_acc=0.9959 val_loss=0.4581 val_acc=0.8645
[EPOCH 368] train_loss=0.2991 train_acc=0.9962 val_loss=0.4728 val_acc=0.8592
[EPOCH 369] train_loss=0.2994 train_acc=0.9962 val_loss=0.4464 val_acc=0.8697
[EPOCH 370] train_loss=0.3002 train_acc=0.9950 val_loss=0.4562 val_acc=0.8681
[EPOCH 371] train_loss=0.3005 train_acc=0.9949 val_loss=0.4544 val_acc=0.8632
[EPOCH 372] train_loss=0.2981 train_acc=0.9964 val_loss=0.4551 val_acc=0.8686
[EPOCH 373] train_loss=0.2989 train_acc=0.9958 val_loss=0.4743 val_acc=0.8616
[EPOCH 374] train_loss=0.2986 train_acc=0.9958 val_loss=0.4484 val_acc=0.8688
[EPOCH 375] train_loss=0.3006 train_acc=0.9955 val_loss=0.5100 val_acc=0.8444
[EPOCH 376] train_loss=0.2999 train_acc=0.9962 val_loss=0.4790 val_acc=0.8577
[EPOCH 377] train_loss=0.2976 train_acc=0.9966 val_loss=0.5257 val_acc=0.8425
[EPOCH 378] train_loss=0.2969 train_acc=0.9970 val_loss=0.5011 val_acc=0.8522
[EPOCH 379] train_loss=0.2986 train_acc=0.9961 val_loss=0.4770 val_acc=0.8576
[EPOCH 380] train_loss=0.2998 train_acc=0.9954 val_loss=0.4740 val_acc=0.8571
[EPOCH 381] train_loss=0.2993 train_acc=0.9960 val_loss=0.4551 val_acc=0.8645
[EPOCH 382] train_loss=0.3003 train_acc=0.9954 val_loss=0.4836 val_acc=0.8569
[EPOCH 383] train_loss=0.2977 train_acc=0.9965 val_loss=0.4568 val_acc=0.8650
[EPOCH 384] train_loss=0.2987 train_acc=0.9958 val_loss=0.4638 val_acc=0.8600
[EPOCH 385] train_loss=0.2977 train_acc=0.9967 val_loss=0.5066 val_acc=0.8527
[EPOCH 386] train_loss=0.2993 train_acc=0.9957 val_loss=0.4753 val_acc=0.8610
[EPOCH 387] train_loss=0.2997 train_acc=0.9955 val_loss=0.4435 val_acc=0.8667
[EPOCH 388] train_loss=0.2989 train_acc=0.9961 val_loss=0.4646 val_acc=0.8638
[EPOCH 389] train_loss=0.2965 train_acc=0.9974 val_loss=0.4474 val_acc=0.8699
[EPOCH 390] train_loss=0.2985 train_acc=0.9960 val_loss=0.4523 val_acc=0.8685
[EPOCH 391] train_loss=0.2981 train_acc=0.9964 val_loss=0.4681 val_acc=0.8623
[EPOCH 392] train_loss=0.2971 train_acc=0.9970 val_loss=0.4541 val_acc=0.8660
[EPOCH 393] train_loss=0.3001 train_acc=0.9958 val_loss=0.4780 val_acc=0.8606
[EPOCH 394] train_loss=0.2997 train_acc=0.9961 val_loss=0.4514 val_acc=0.8682
[EPOCH 395] train_loss=0.2974 train_acc=0.9971 val_loss=0.4484 val_acc=0.8667
[EPOCH 396] train_loss=0.2984 train_acc=0.9969 val_loss=0.4486 val_acc=0.8663
[EPOCH 397] train_loss=0.2975 train_acc=0.9968 val_loss=0.4532 val_acc=0.8664
[EPOCH 398] train_loss=0.2987 train_acc=0.9959 val_loss=0.4793 val_acc=0.8541
[EPOCH 399] train_loss=0.2990 train_acc=0.9960 val_loss=0.4735 val_acc=0.8596
[EPOCH 400] train_loss=0.2993 train_acc=0.9955 val_loss=0.4482 val_acc=0.8649
[EPOCH 401] train_loss=0.2991 train_acc=0.9956 val_loss=0.4447 val_acc=0.8667
[EPOCH 402] train_loss=0.2979 train_acc=0.9967 val_loss=0.4659 val_acc=0.8625
[EPOCH 403] train_loss=0.3000 train_acc=0.9957 val_loss=0.4379 val_acc=0.8693
[EPOCH 404] train_loss=0.2997 train_acc=0.9956 val_loss=0.4714 val_acc=0.8603
[EPOCH 405] train_loss=0.3011 train_acc=0.9949 val_loss=0.4403 val_acc=0.8689
[EPOCH 406] train_loss=0.2982 train_acc=0.9964 val_loss=0.4512 val_acc=0.8665
[EPOCH 407] train_loss=0.2977 train_acc=0.9967 val_loss=0.4448 val_acc=0.8711
[EPOCH 408] train_loss=0.2956 train_acc=0.9977 val_loss=0.4699 val_acc=0.8641
[EPOCH 409] train_loss=0.2985 train_acc=0.9964 val_loss=0.4985 val_acc=0.8536
[EPOCH 410] train_loss=0.2978 train_acc=0.9965 val_loss=0.5193 val_acc=0.8488
[EPOCH 411] train_loss=0.2974 train_acc=0.9969 val_loss=0.4523 val_acc=0.8727
[EPOCH 412] train_loss=0.2982 train_acc=0.9968 val_loss=0.4382 val_acc=0.8723
[EPOCH 413] train_loss=0.2981 train_acc=0.9955 val_loss=0.4567 val_acc=0.8668
[EPOCH 414] train_loss=0.2979 train_acc=0.9964 val_loss=0.4491 val_acc=0.8663
[EPOCH 415] train_loss=0.2991 train_acc=0.9961 val_loss=0.4602 val_acc=0.8646
[EPOCH 416] train_loss=0.2969 train_acc=0.9972 val_loss=0.4433 val_acc=0.8711
[EPOCH 417] train_loss=0.2976 train_acc=0.9966 val_loss=0.4680 val_acc=0.8622
[EPOCH 418] train_loss=0.2987 train_acc=0.9959 val_loss=0.4609 val_acc=0.8662
[EPOCH 419] train_loss=0.2985 train_acc=0.9961 val_loss=0.4694 val_acc=0.8591
[EPOCH 420] train_loss=0.2959 train_acc=0.9974 val_loss=0.4722 val_acc=0.8602
[EPOCH 421] train_loss=0.2993 train_acc=0.9958 val_loss=0.4408 val_acc=0.8723
[EPOCH 422] train_loss=0.2984 train_acc=0.9967 val_loss=0.4629 val_acc=0.8599
[EPOCH 423] train_loss=0.2980 train_acc=0.9965 val_loss=0.4305 val_acc=0.8767
[EPOCH 424] train_loss=0.2972 train_acc=0.9968 val_loss=0.4670 val_acc=0.8623
[EPOCH 425] train_loss=0.2979 train_acc=0.9965 val_loss=0.4737 val_acc=0.8588
[EPOCH 426] train_loss=0.2973 train_acc=0.9965 val_loss=0.4582 val_acc=0.8646
[EPOCH 427] train_loss=0.2989 train_acc=0.9960 val_loss=0.4183 val_acc=0.8768
[EPOCH 428] train_loss=0.2981 train_acc=0.9966 val_loss=0.4244 val_acc=0.8744
[EPOCH 429] train_loss=0.2976 train_acc=0.9964 val_loss=0.4324 val_acc=0.8698
[EPOCH 430] train_loss=0.2960 train_acc=0.9980 val_loss=0.4419 val_acc=0.8713
[EPOCH 431] train_loss=0.2973 train_acc=0.9964 val_loss=0.4532 val_acc=0.8685
[EPOCH 432] train_loss=0.2980 train_acc=0.9965 val_loss=0.4671 val_acc=0.8633
[EPOCH 433] train_loss=0.2984 train_acc=0.9961 val_loss=0.4661 val_acc=0.8642
[EPOCH 434] train_loss=0.2979 train_acc=0.9966 val_loss=0.4605 val_acc=0.8660
[EPOCH 435] train_loss=0.2971 train_acc=0.9969 val_loss=0.5026 val_acc=0.8475
[EPOCH 436] train_loss=0.2964 train_acc=0.9978 val_loss=0.5172 val_acc=0.8495
[EPOCH 437] train_loss=0.2967 train_acc=0.9965 val_loss=0.4648 val_acc=0.8628
[EPOCH 438] train_loss=0.2984 train_acc=0.9962 val_loss=0.4681 val_acc=0.8640
[EPOCH 439] train_loss=0.2996 train_acc=0.9956 val_loss=0.4373 val_acc=0.8696
[EPOCH 440] train_loss=0.2961 train_acc=0.9973 val_loss=0.4745 val_acc=0.8600
[EPOCH 441] train_loss=0.2954 train_acc=0.9980 val_loss=0.4828 val_acc=0.8577
[EPOCH 442] train_loss=0.2978 train_acc=0.9960 val_loss=0.4802 val_acc=0.8577
[EPOCH 443] train_loss=0.2980 train_acc=0.9964 val_loss=0.4306 val_acc=0.8761
[EPOCH 444] train_loss=0.2970 train_acc=0.9976 val_loss=0.4533 val_acc=0.8690
[EPOCH 445] train_loss=0.2970 train_acc=0.9969 val_loss=0.4482 val_acc=0.8720
[EPOCH 446] train_loss=0.2965 train_acc=0.9972 val_loss=0.4645 val_acc=0.8652
[EPOCH 447] train_loss=0.3001 train_acc=0.9955 val_loss=0.4565 val_acc=0.8670
[EPOCH 448] train_loss=0.2964 train_acc=0.9971 val_loss=0.5077 val_acc=0.8558
[EPOCH 449] train_loss=0.2981 train_acc=0.9966 val_loss=0.4446 val_acc=0.8710
[EPOCH 450] train_loss=0.2967 train_acc=0.9972 val_loss=0.4406 val_acc=0.8717
[EPOCH 451] train_loss=0.2965 train_acc=0.9968 val_loss=0.4668 val_acc=0.8652
[EPOCH 452] train_loss=0.2982 train_acc=0.9963 val_loss=0.5068 val_acc=0.8514
[EPOCH 453] train_loss=0.2976 train_acc=0.9962 val_loss=0.5026 val_acc=0.8589
[EPOCH 454] train_loss=0.2960 train_acc=0.9980 val_loss=0.4858 val_acc=0.8626
[EPOCH 455] train_loss=0.2973 train_acc=0.9971 val_loss=0.4364 val_acc=0.8716
[EPOCH 456] train_loss=0.2968 train_acc=0.9969 val_loss=0.4345 val_acc=0.8745
[EPOCH 457] train_loss=0.2963 train_acc=0.9974 val_loss=0.4568 val_acc=0.8670
[EPOCH 458] train_loss=0.2989 train_acc=0.9963 val_loss=0.4688 val_acc=0.8642
[EPOCH 459] train_loss=0.2978 train_acc=0.9966 val_loss=0.4469 val_acc=0.8717
[EPOCH 460] train_loss=0.2959 train_acc=0.9979 val_loss=0.4637 val_acc=0.8658
[EPOCH 461] train_loss=0.2988 train_acc=0.9957 val_loss=0.4545 val_acc=0.8683
[EPOCH 462] train_loss=0.2957 train_acc=0.9980 val_loss=0.4415 val_acc=0.8728
[EPOCH 463] train_loss=0.2956 train_acc=0.9980 val_loss=0.4937 val_acc=0.8612
[EPOCH 464] train_loss=0.2979 train_acc=0.9968 val_loss=0.4577 val_acc=0.8696
[EPOCH 465] train_loss=0.2985 train_acc=0.9956 val_loss=0.4446 val_acc=0.8701
[EPOCH 466] train_loss=0.2968 train_acc=0.9970 val_loss=0.4436 val_acc=0.8708
[EPOCH 467] train_loss=0.2971 train_acc=0.9970 val_loss=0.4394 val_acc=0.8736
[EPOCH 468] train_loss=0.2963 train_acc=0.9973 val_loss=0.4381 val_acc=0.8736
[EPOCH 469] train_loss=0.2961 train_acc=0.9972 val_loss=0.4565 val_acc=0.8692
[EPOCH 470] train_loss=0.2964 train_acc=0.9975 val_loss=0.4949 val_acc=0.8552
[EPOCH 471] train_loss=0.2987 train_acc=0.9958 val_loss=0.4313 val_acc=0.8760
[EPOCH 472] train_loss=0.2989 train_acc=0.9957 val_loss=0.4679 val_acc=0.8617
[EPOCH 473] train_loss=0.2967 train_acc=0.9972 val_loss=0.4699 val_acc=0.8610
[EPOCH 474] train_loss=0.2962 train_acc=0.9974 val_loss=0.4494 val_acc=0.8702
[EPOCH 475] train_loss=0.2971 train_acc=0.9969 val_loss=0.4570 val_acc=0.8662
[EPOCH 476] train_loss=0.2960 train_acc=0.9973 val_loss=0.4884 val_acc=0.8572
[EPOCH 477] train_loss=0.2969 train_acc=0.9966 val_loss=0.4482 val_acc=0.8718
[EPOCH 478] train_loss=0.2971 train_acc=0.9965 val_loss=0.4495 val_acc=0.8718
[EPOCH 479] train_loss=0.2954 train_acc=0.9977 val_loss=0.4663 val_acc=0.8675
[EPOCH 480] train_loss=0.2975 train_acc=0.9966 val_loss=0.4568 val_acc=0.8675
[EPOCH 481] train_loss=0.2956 train_acc=0.9979 val_loss=0.4592 val_acc=0.8667
[EPOCH 482] train_loss=0.2984 train_acc=0.9965 val_loss=0.4575 val_acc=0.8666
[EPOCH 483] train_loss=0.2977 train_acc=0.9962 val_loss=0.4833 val_acc=0.8581
[EPOCH 484] train_loss=0.2954 train_acc=0.9976 val_loss=0.4950 val_acc=0.8587
[EPOCH 485] train_loss=0.2966 train_acc=0.9972 val_loss=0.4530 val_acc=0.8672
[EPOCH 486] train_loss=0.2971 train_acc=0.9970 val_loss=0.4909 val_acc=0.8556
[EPOCH 487] train_loss=0.2956 train_acc=0.9974 val_loss=0.4829 val_acc=0.8597
[EPOCH 488] train_loss=0.2982 train_acc=0.9961 val_loss=0.4835 val_acc=0.8581
[EPOCH 489] train_loss=0.2977 train_acc=0.9967 val_loss=0.4989 val_acc=0.8536
[EPOCH 490] train_loss=0.2969 train_acc=0.9972 val_loss=0.4980 val_acc=0.8561
[EPOCH 491] train_loss=0.2968 train_acc=0.9978 val_loss=0.5038 val_acc=0.8544
[EPOCH 492] train_loss=0.2949 train_acc=0.9980 val_loss=0.4911 val_acc=0.8605
[EPOCH 493] train_loss=0.2959 train_acc=0.9978 val_loss=0.5217 val_acc=0.8504
[EPOCH 494] train_loss=0.2980 train_acc=0.9962 val_loss=0.4869 val_acc=0.8585
[EPOCH 495] train_loss=0.2983 train_acc=0.9966 val_loss=0.5068 val_acc=0.8527
[EPOCH 496] train_loss=0.2966 train_acc=0.9971 val_loss=0.4980 val_acc=0.8556
[EPOCH 497] train_loss=0.2975 train_acc=0.9965 val_loss=0.4731 val_acc=0.8630
[EPOCH 498] train_loss=0.2965 train_acc=0.9973 val_loss=0.4689 val_acc=0.8652
[EPOCH 499] train_loss=0.2963 train_acc=0.9972 val_loss=0.4696 val_acc=0.8662
[EPOCH 500] train_loss=0.2971 train_acc=0.9963 val_loss=0.4810 val_acc=0.8626
[EPOCH 501] train_loss=0.2962 train_acc=0.9975 val_loss=0.4787 val_acc=0.8614
[EPOCH 502] train_loss=0.2972 train_acc=0.9968 val_loss=0.4729 val_acc=0.8665
[EPOCH 503] train_loss=0.2972 train_acc=0.9974 val_loss=0.4818 val_acc=0.8627
[EPOCH 504] train_loss=0.2963 train_acc=0.9974 val_loss=0.4663 val_acc=0.8653
[EPOCH 505] train_loss=0.2961 train_acc=0.9977 val_loss=0.5168 val_acc=0.8454
[EPOCH 506] train_loss=0.2970 train_acc=0.9973 val_loss=0.4816 val_acc=0.8579
[EPOCH 507] train_loss=0.2965 train_acc=0.9974 val_loss=0.5035 val_acc=0.8561
[EPOCH 508] train_loss=0.2957 train_acc=0.9979 val_loss=0.4883 val_acc=0.8598
[EPOCH 509] train_loss=0.2965 train_acc=0.9975 val_loss=0.4875 val_acc=0.8576
[EPOCH 510] train_loss=0.2956 train_acc=0.9977 val_loss=0.4831 val_acc=0.8600
[EPOCH 511] train_loss=0.2962 train_acc=0.9977 val_loss=0.4998 val_acc=0.8538
[EPOCH 512] train_loss=0.2949 train_acc=0.9981 val_loss=0.4841 val_acc=0.8608
[EPOCH 513] train_loss=0.2986 train_acc=0.9968 val_loss=0.5327 val_acc=0.8435
[EPOCH 514] train_loss=0.2986 train_acc=0.9968 val_loss=0.5142 val_acc=0.8510
[EPOCH 515] train_loss=0.2954 train_acc=0.9977 val_loss=0.4884 val_acc=0.8586
[EPOCH 516] train_loss=0.2955 train_acc=0.9980 val_loss=0.4890 val_acc=0.8604
[EPOCH 517] train_loss=0.2953 train_acc=0.9975 val_loss=0.5262 val_acc=0.8476
[EPOCH 518] train_loss=0.2975 train_acc=0.9971 val_loss=0.4563 val_acc=0.8669
[EPOCH 519] train_loss=0.2960 train_acc=0.9974 val_loss=0.4448 val_acc=0.8695
[EPOCH 520] train_loss=0.2963 train_acc=0.9974 val_loss=0.4623 val_acc=0.8654
[EPOCH 521] train_loss=0.2957 train_acc=0.9976 val_loss=0.4885 val_acc=0.8570
[EPOCH 522] train_loss=0.2949 train_acc=0.9982 val_loss=0.4832 val_acc=0.8592
[EPOCH 523] train_loss=0.2983 train_acc=0.9962 val_loss=0.5181 val_acc=0.8497
[EPOCH 524] train_loss=0.2961 train_acc=0.9976 val_loss=0.5081 val_acc=0.8529
[EPOCH 525] train_loss=0.2959 train_acc=0.9976 val_loss=0.4771 val_acc=0.8615
[EPOCH 526] train_loss=0.2955 train_acc=0.9981 val_loss=0.4567 val_acc=0.8690
[EPOCH 527] train_loss=0.2967 train_acc=0.9971 val_loss=0.4848 val_acc=0.8581
[EPOCH 528] train_loss=0.2972 train_acc=0.9971 val_loss=0.4621 val_acc=0.8672
[EPOCH 529] train_loss=0.2963 train_acc=0.9973 val_loss=0.4752 val_acc=0.8616
[EPOCH 530] train_loss=0.2985 train_acc=0.9965 val_loss=0.5137 val_acc=0.8469
[EPOCH 531] train_loss=0.2950 train_acc=0.9985 val_loss=0.5052 val_acc=0.8529
[EPOCH 532] train_loss=0.2971 train_acc=0.9968 val_loss=0.4837 val_acc=0.8591
[EPOCH 533] train_loss=0.2956 train_acc=0.9977 val_loss=0.4695 val_acc=0.8629
[EPOCH 534] train_loss=0.2969 train_acc=0.9969 val_loss=0.4832 val_acc=0.8589
[EPOCH 535] train_loss=0.2947 train_acc=0.9981 val_loss=0.4718 val_acc=0.8652
[EPOCH 536] train_loss=0.2962 train_acc=0.9976 val_loss=0.4841 val_acc=0.8571
[EPOCH 537] train_loss=0.2946 train_acc=0.9982 val_loss=0.4767 val_acc=0.8641
[EPOCH 538] train_loss=0.2953 train_acc=0.9979 val_loss=0.4652 val_acc=0.8689
[EPOCH 539] train_loss=0.2968 train_acc=0.9973 val_loss=0.4861 val_acc=0.8561
[EPOCH 540] train_loss=0.2965 train_acc=0.9975 val_loss=0.5152 val_acc=0.8531
[EPOCH 541] train_loss=0.2969 train_acc=0.9973 val_loss=0.4927 val_acc=0.8565
[EPOCH 542] train_loss=0.2962 train_acc=0.9970 val_loss=0.4959 val_acc=0.8555
[EPOCH 543] train_loss=0.2971 train_acc=0.9967 val_loss=0.4914 val_acc=0.8587
[EPOCH 544] train_loss=0.2955 train_acc=0.9979 val_loss=0.4831 val_acc=0.8607
[EPOCH 545] train_loss=0.2960 train_acc=0.9971 val_loss=0.5109 val_acc=0.8518
[EPOCH 546] train_loss=0.2967 train_acc=0.9972 val_loss=0.4928 val_acc=0.8564
[EPOCH 547] train_loss=0.2950 train_acc=0.9986 val_loss=0.4777 val_acc=0.8600
[EPOCH 548] train_loss=0.2954 train_acc=0.9977 val_loss=0.4672 val_acc=0.8634
[EPOCH 549] train_loss=0.2959 train_acc=0.9975 val_loss=0.4868 val_acc=0.8569
[EPOCH 550] train_loss=0.2962 train_acc=0.9976 val_loss=0.4994 val_acc=0.8560
[EPOCH 551] train_loss=0.2954 train_acc=0.9980 val_loss=0.4461 val_acc=0.8700
[EPOCH 552] train_loss=0.2966 train_acc=0.9971 val_loss=0.4734 val_acc=0.8624
[EPOCH 553] train_loss=0.2942 train_acc=0.9986 val_loss=0.4523 val_acc=0.8715
[EPOCH 554] train_loss=0.2957 train_acc=0.9978 val_loss=0.4701 val_acc=0.8652
[EPOCH 555] train_loss=0.2952 train_acc=0.9982 val_loss=0.4718 val_acc=0.8627
[EPOCH 556] train_loss=0.2962 train_acc=0.9975 val_loss=0.4611 val_acc=0.8665
[EPOCH 557] train_loss=0.2959 train_acc=0.9977 val_loss=0.4911 val_acc=0.8607
[EPOCH 558] train_loss=0.2971 train_acc=0.9968 val_loss=0.4735 val_acc=0.8626
[EPOCH 559] train_loss=0.2953 train_acc=0.9977 val_loss=0.4783 val_acc=0.8628
[EPOCH 560] train_loss=0.2947 train_acc=0.9979 val_loss=0.4600 val_acc=0.8697
[EPOCH 561] train_loss=0.2949 train_acc=0.9982 val_loss=0.4619 val_acc=0.8663
[EPOCH 562] train_loss=0.2942 train_acc=0.9986 val_loss=0.4744 val_acc=0.8640
[EPOCH 563] train_loss=0.2945 train_acc=0.9986 val_loss=0.5005 val_acc=0.8592
[EPOCH 564] train_loss=0.2974 train_acc=0.9966 val_loss=0.4465 val_acc=0.8705
[EPOCH 565] train_loss=0.2950 train_acc=0.9980 val_loss=0.4704 val_acc=0.8677
[EPOCH 566] train_loss=0.2962 train_acc=0.9972 val_loss=0.4733 val_acc=0.8659
[EPOCH 567] train_loss=0.2954 train_acc=0.9978 val_loss=0.4406 val_acc=0.8790
[EPOCH 568] train_loss=0.2961 train_acc=0.9974 val_loss=0.4538 val_acc=0.8692
[EPOCH 569] train_loss=0.2934 train_acc=0.9991 val_loss=0.4451 val_acc=0.8751
[EPOCH 570] train_loss=0.2957 train_acc=0.9979 val_loss=0.4501 val_acc=0.8716
[EPOCH 571] train_loss=0.2952 train_acc=0.9979 val_loss=0.4626 val_acc=0.8691
[EPOCH 572] train_loss=0.2947 train_acc=0.9981 val_loss=0.4523 val_acc=0.8715
[EPOCH 573] train_loss=0.2966 train_acc=0.9971 val_loss=0.4303 val_acc=0.8784
[EPOCH 574] train_loss=0.2960 train_acc=0.9975 val_loss=0.4410 val_acc=0.8736
[EPOCH 575] train_loss=0.2955 train_acc=0.9975 val_loss=0.4326 val_acc=0.8742
[EPOCH 576] train_loss=0.2952 train_acc=0.9978 val_loss=0.4556 val_acc=0.8704
[EPOCH 577] train_loss=0.2946 train_acc=0.9982 val_loss=0.4407 val_acc=0.8767
[EPOCH 578] train_loss=0.2968 train_acc=0.9973 val_loss=0.4572 val_acc=0.8673
[EPOCH 579] train_loss=0.2960 train_acc=0.9976 val_loss=0.4586 val_acc=0.8715
[EPOCH 580] train_loss=0.2937 train_acc=0.9988 val_loss=0.4771 val_acc=0.8665
WARNING:absl:The `aggregate` option is deprecated and will be ignored.
[EPOCH 581] train_loss=0.2956 train_acc=0.9980 val_loss=0.4546 val_acc=0.8674
[EPOCH 582] train_loss=0.2962 train_acc=0.9971 val_loss=0.4594 val_acc=0.8685
[EPOCH 583] train_loss=0.2987 train_acc=0.9963 val_loss=0.4361 val_acc=0.8739
[EPOCH 584] train_loss=0.2943 train_acc=0.9987 val_loss=0.4260 val_acc=0.8748
[EPOCH 585] train_loss=0.2956 train_acc=0.9976 val_loss=0.4543 val_acc=0.8672
[EPOCH 586] train_loss=0.2938 train_acc=0.9988 val_loss=0.4544 val_acc=0.8701
[EPOCH 587] train_loss=0.2953 train_acc=0.9975 val_loss=0.4346 val_acc=0.8767
[EPOCH 588] train_loss=0.2945 train_acc=0.9985 val_loss=0.4511 val_acc=0.8717
[EPOCH 589] train_loss=0.2950 train_acc=0.9977 val_loss=0.4283 val_acc=0.8808
[EPOCH 590] train_loss=0.2956 train_acc=0.9974 val_loss=0.4169 val_acc=0.8808
[EPOCH 591] train_loss=0.2944 train_acc=0.9986 val_loss=0.4412 val_acc=0.8753
[EPOCH 592] train_loss=0.2954 train_acc=0.9979 val_loss=0.4835 val_acc=0.8614
[EPOCH 593] train_loss=0.2958 train_acc=0.9975 val_loss=0.4521 val_acc=0.8710
[EPOCH 594] train_loss=0.2954 train_acc=0.9976 val_loss=0.4361 val_acc=0.8762
[EPOCH 595] train_loss=0.2974 train_acc=0.9964 val_loss=0.4577 val_acc=0.8672
[EPOCH 596] train_loss=0.2952 train_acc=0.9978 val_loss=0.4726 val_acc=0.8631
[EPOCH 597] train_loss=0.2956 train_acc=0.9976 val_loss=0.4803 val_acc=0.8605
[EPOCH 598] train_loss=0.2942 train_acc=0.9986 val_loss=0.4724 val_acc=0.8628
[EPOCH 599] train_loss=0.2956 train_acc=0.9974 val_loss=0.5021 val_acc=0.8541
[EPOCH 600] train_loss=0.2959 train_acc=0.9974 val_loss=0.4594 val_acc=0.8673
[EPOCH 601] train_loss=0.2953 train_acc=0.9979 val_loss=0.4755 val_acc=0.8592
[EPOCH 602] train_loss=0.2942 train_acc=0.9982 val_loss=0.4874 val_acc=0.8563
[EPOCH 603] train_loss=0.2942 train_acc=0.9983 val_loss=0.4913 val_acc=0.8575
[EPOCH 604] train_loss=0.2949 train_acc=0.9981 val_loss=0.4947 val_acc=0.8564
[EPOCH 605] train_loss=0.2950 train_acc=0.9981 val_loss=0.4843 val_acc=0.8649
[EPOCH 606] train_loss=0.2967 train_acc=0.9967 val_loss=0.4876 val_acc=0.8587
[EPOCH 607] train_loss=0.2941 train_acc=0.9986 val_loss=0.4783 val_acc=0.8588
[EPOCH 608] train_loss=0.2940 train_acc=0.9981 val_loss=0.4657 val_acc=0.8689
[EPOCH 609] train_loss=0.2958 train_acc=0.9978 val_loss=0.4309 val_acc=0.8778
[EPOCH 610] train_loss=0.2956 train_acc=0.9978 val_loss=0.4621 val_acc=0.8677
[EPOCH 611] train_loss=0.2940 train_acc=0.9987 val_loss=0.4680 val_acc=0.8650
[EPOCH 612] train_loss=0.2948 train_acc=0.9978 val_loss=0.4784 val_acc=0.8624
[EPOCH 613] train_loss=0.2943 train_acc=0.9986 val_loss=0.4890 val_acc=0.8590
[EPOCH 614] train_loss=0.2963 train_acc=0.9974 val_loss=0.4383 val_acc=0.8753
[EPOCH 615] train_loss=0.2962 train_acc=0.9973 val_loss=0.4381 val_acc=0.8727
[EPOCH 616] train_loss=0.2948 train_acc=0.9985 val_loss=0.4613 val_acc=0.8681
[EPOCH 617] train_loss=0.2938 train_acc=0.9988 val_loss=0.4724 val_acc=0.8665
[EPOCH 618] train_loss=0.2948 train_acc=0.9982 val_loss=0.4738 val_acc=0.8644
[EPOCH 619] train_loss=0.2948 train_acc=0.9980 val_loss=0.4959 val_acc=0.8563
[EPOCH 620] train_loss=0.2969 train_acc=0.9972 val_loss=0.4578 val_acc=0.8694
[EPOCH 621] train_loss=0.2954 train_acc=0.9976 val_loss=0.4588 val_acc=0.8691
[EPOCH 622] train_loss=0.2954 train_acc=0.9978 val_loss=0.4640 val_acc=0.8649
[EPOCH 623] train_loss=0.2930 train_acc=0.9991 val_loss=0.4701 val_acc=0.8677
[EPOCH 624] train_loss=0.2956 train_acc=0.9975 val_loss=0.4713 val_acc=0.8668
[EPOCH 625] train_loss=0.2954 train_acc=0.9975 val_loss=0.4587 val_acc=0.8665
[EPOCH 626] train_loss=0.2953 train_acc=0.9981 val_loss=0.4823 val_acc=0.8628
[EPOCH 627] train_loss=0.2940 train_acc=0.9988 val_loss=0.4665 val_acc=0.8671
[EPOCH 628] train_loss=0.2943 train_acc=0.9988 val_loss=0.4567 val_acc=0.8687
[EPOCH 629] train_loss=0.2940 train_acc=0.9988 val_loss=0.4537 val_acc=0.8691
[EPOCH 630] train_loss=0.2960 train_acc=0.9976 val_loss=0.4481 val_acc=0.8716
[EPOCH 631] train_loss=0.2976 train_acc=0.9965 val_loss=0.4683 val_acc=0.8621
[EPOCH 632] train_loss=0.2955 train_acc=0.9981 val_loss=0.4450 val_acc=0.8745
[EPOCH 633] train_loss=0.2960 train_acc=0.9973 val_loss=0.4625 val_acc=0.8652
[EPOCH 634] train_loss=0.2946 train_acc=0.9980 val_loss=0.4573 val_acc=0.8657
[EPOCH 635] train_loss=0.2942 train_acc=0.9986 val_loss=0.4436 val_acc=0.8737
[EPOCH 636] train_loss=0.2953 train_acc=0.9982 val_loss=0.4662 val_acc=0.8634
[EPOCH 637] train_loss=0.2948 train_acc=0.9979 val_loss=0.4441 val_acc=0.8722
[EPOCH 638] train_loss=0.2946 train_acc=0.9981 val_loss=0.4393 val_acc=0.8740
[EPOCH 639] train_loss=0.2945 train_acc=0.9986 val_loss=0.4277 val_acc=0.8779
[EPOCH 640] train_loss=0.2946 train_acc=0.9982 val_loss=0.4254 val_acc=0.8766
[EPOCH 641] train_loss=0.2949 train_acc=0.9980 val_loss=0.4353 val_acc=0.8770
[EPOCH 642] train_loss=0.2940 train_acc=0.9987 val_loss=0.4352 val_acc=0.8741
[EPOCH 643] train_loss=0.2943 train_acc=0.9983 val_loss=0.4540 val_acc=0.8718
[EPOCH 644] train_loss=0.2949 train_acc=0.9983 val_loss=0.4719 val_acc=0.8654
[EPOCH 645] train_loss=0.2964 train_acc=0.9972 val_loss=0.4679 val_acc=0.8675
[EPOCH 646] train_loss=0.2929 train_acc=0.9993 val_loss=0.4652 val_acc=0.8690
[EPOCH 647] train_loss=0.2946 train_acc=0.9982 val_loss=0.4789 val_acc=0.8621
[EPOCH 648] train_loss=0.2943 train_acc=0.9989 val_loss=0.4603 val_acc=0.8689
[EPOCH 649] train_loss=0.2960 train_acc=0.9978 val_loss=0.4472 val_acc=0.8714
[EPOCH 650] train_loss=0.2937 train_acc=0.9989 val_loss=0.4610 val_acc=0.8687
[EPOCH 651] train_loss=0.2945 train_acc=0.9985 val_loss=0.4796 val_acc=0.8620
[EPOCH 652] train_loss=0.2954 train_acc=0.9974 val_loss=0.4603 val_acc=0.8682
[EPOCH 653] train_loss=0.2941 train_acc=0.9983 val_loss=0.4537 val_acc=0.8710
[EPOCH 654] train_loss=0.2950 train_acc=0.9982 val_loss=0.4568 val_acc=0.8672
[EPOCH 655] train_loss=0.2958 train_acc=0.9975 val_loss=0.4659 val_acc=0.8688
[EPOCH 656] train_loss=0.2940 train_acc=0.9987 val_loss=0.4512 val_acc=0.8704
[EPOCH 657] train_loss=0.2950 train_acc=0.9981 val_loss=0.4610 val_acc=0.8668
[EPOCH 658] train_loss=0.2944 train_acc=0.9986 val_loss=0.4634 val_acc=0.8702
[EPOCH 659] train_loss=0.2935 train_acc=0.9988 val_loss=0.4462 val_acc=0.8726
[EPOCH 660] train_loss=0.2941 train_acc=0.9988 val_loss=0.4294 val_acc=0.8786
[EPOCH 661] train_loss=0.2947 train_acc=0.9982 val_loss=0.4327 val_acc=0.8748
[EPOCH 662] train_loss=0.2940 train_acc=0.9986 val_loss=0.4449 val_acc=0.8728
[EPOCH 663] train_loss=0.2938 train_acc=0.9985 val_loss=0.4259 val_acc=0.8798
[EPOCH 664] train_loss=0.2961 train_acc=0.9973 val_loss=0.4408 val_acc=0.8717
[EPOCH 665] train_loss=0.2941 train_acc=0.9987 val_loss=0.4384 val_acc=0.8767
[EPOCH 666] train_loss=0.2955 train_acc=0.9976 val_loss=0.4326 val_acc=0.8766
[EPOCH 667] train_loss=0.2952 train_acc=0.9977 val_loss=0.4316 val_acc=0.8773
[EPOCH 668] train_loss=0.2960 train_acc=0.9975 val_loss=0.4238 val_acc=0.8786
[EPOCH 669] train_loss=0.2940 train_acc=0.9985 val_loss=0.4378 val_acc=0.8747
[EPOCH 670] train_loss=0.2953 train_acc=0.9980 val_loss=0.4422 val_acc=0.8763
[EPOCH 671] train_loss=0.2953 train_acc=0.9979 val_loss=0.4597 val_acc=0.8690
[EPOCH 672] train_loss=0.2947 train_acc=0.9982 val_loss=0.4363 val_acc=0.8800
[EPOCH 673] train_loss=0.2937 train_acc=0.9988 val_loss=0.4450 val_acc=0.8736
[EPOCH 674] train_loss=0.2950 train_acc=0.9974 val_loss=0.4335 val_acc=0.8758
[EPOCH 675] train_loss=0.2931 train_acc=0.9992 val_loss=0.4440 val_acc=0.8752
[EPOCH 676] train_loss=0.2928 train_acc=0.9991 val_loss=0.4634 val_acc=0.8680
[EPOCH 677] train_loss=0.2938 train_acc=0.9989 val_loss=0.4700 val_acc=0.8653
[EPOCH 678] train_loss=0.2946 train_acc=0.9983 val_loss=0.4794 val_acc=0.8626
[EPOCH 679] train_loss=0.2950 train_acc=0.9979 val_loss=0.4863 val_acc=0.8585
[EPOCH 680] train_loss=0.2947 train_acc=0.9981 val_loss=0.4929 val_acc=0.8616
[EPOCH 681] train_loss=0.2938 train_acc=0.9987 val_loss=0.4727 val_acc=0.8659
[EPOCH 682] train_loss=0.2953 train_acc=0.9980 val_loss=0.4847 val_acc=0.8618
[EPOCH 683] train_loss=0.2935 train_acc=0.9983 val_loss=0.4626 val_acc=0.8694
[EPOCH 684] train_loss=0.2960 train_acc=0.9976 val_loss=0.4711 val_acc=0.8662
[EPOCH 685] train_loss=0.2931 train_acc=0.9990 val_loss=0.4625 val_acc=0.8690
[EPOCH 686] train_loss=0.2953 train_acc=0.9981 val_loss=0.4622 val_acc=0.8698
[EPOCH 687] train_loss=0.2947 train_acc=0.9980 val_loss=0.4575 val_acc=0.8707
[EPOCH 688] train_loss=0.2961 train_acc=0.9974 val_loss=0.4331 val_acc=0.8747
[EPOCH 689] train_loss=0.2928 train_acc=0.9992 val_loss=0.4429 val_acc=0.8755
[EPOCH 690] train_loss=0.2952 train_acc=0.9981 val_loss=0.4953 val_acc=0.8615
[EPOCH 691] train_loss=0.2940 train_acc=0.9990 val_loss=0.4582 val_acc=0.8726
[EPOCH 692] train_loss=0.2954 train_acc=0.9979 val_loss=0.4763 val_acc=0.8663
[EPOCH 693] train_loss=0.2945 train_acc=0.9982 val_loss=0.4671 val_acc=0.8672
[EPOCH 694] train_loss=0.2952 train_acc=0.9980 val_loss=0.4604 val_acc=0.8681
[EPOCH 695] train_loss=0.2936 train_acc=0.9989 val_loss=0.4641 val_acc=0.8677
[EPOCH 696] train_loss=0.2940 train_acc=0.9986 val_loss=0.4816 val_acc=0.8613
[EPOCH 697] train_loss=0.2937 train_acc=0.9985 val_loss=0.4748 val_acc=0.8612
[EPOCH 698] train_loss=0.2954 train_acc=0.9981 val_loss=0.4525 val_acc=0.8717
[EPOCH 699] train_loss=0.2939 train_acc=0.9983 val_loss=0.4750 val_acc=0.8652
[EPOCH 700] train_loss=0.2937 train_acc=0.9987 val_loss=0.4362 val_acc=0.8789
[EPOCH 701] train_loss=0.2945 train_acc=0.9982 val_loss=0.4698 val_acc=0.8677
[EPOCH 702] train_loss=0.2959 train_acc=0.9974 val_loss=0.4598 val_acc=0.8669
[EPOCH 703] train_loss=0.2950 train_acc=0.9982 val_loss=0.4551 val_acc=0.8722
[EPOCH 704] train_loss=0.2942 train_acc=0.9986 val_loss=0.4877 val_acc=0.8604
[EPOCH 705] train_loss=0.2957 train_acc=0.9978 val_loss=0.4968 val_acc=0.8604
[EPOCH 706] train_loss=0.2932 train_acc=0.9990 val_loss=0.4622 val_acc=0.8668
[EPOCH 707] train_loss=0.2936 train_acc=0.9988 val_loss=0.4982 val_acc=0.8570
[EPOCH 708] train_loss=0.2938 train_acc=0.9987 val_loss=0.4883 val_acc=0.8636
[EPOCH 709] train_loss=0.2945 train_acc=0.9986 val_loss=0.4565 val_acc=0.8721
[EPOCH 710] train_loss=0.2935 train_acc=0.9986 val_loss=0.4563 val_acc=0.8730
[EPOCH 711] train_loss=0.2927 train_acc=0.9995 val_loss=0.4705 val_acc=0.8686
[EPOCH 712] train_loss=0.2944 train_acc=0.9986 val_loss=0.4709 val_acc=0.8655
[EPOCH 713] train_loss=0.2937 train_acc=0.9988 val_loss=0.4978 val_acc=0.8592
[EPOCH 714] train_loss=0.2948 train_acc=0.9978 val_loss=0.4459 val_acc=0.8721
[EPOCH 715] train_loss=0.2945 train_acc=0.9981 val_loss=0.4589 val_acc=0.8659
[EPOCH 716] train_loss=0.2943 train_acc=0.9986 val_loss=0.4521 val_acc=0.8692
[EPOCH 717] train_loss=0.2945 train_acc=0.9979 val_loss=0.4311 val_acc=0.8795
[EPOCH 718] train_loss=0.2950 train_acc=0.9976 val_loss=0.4403 val_acc=0.8737
[EPOCH 719] train_loss=0.2935 train_acc=0.9985 val_loss=0.4472 val_acc=0.8714
[EPOCH 720] train_loss=0.2930 train_acc=0.9991 val_loss=0.4486 val_acc=0.8722
[EPOCH 721] train_loss=0.2938 train_acc=0.9985 val_loss=0.4402 val_acc=0.8757
[EPOCH 722] train_loss=0.2934 train_acc=0.9987 val_loss=0.4629 val_acc=0.8714
[EPOCH 723] train_loss=0.2948 train_acc=0.9983 val_loss=0.4420 val_acc=0.8762
[EPOCH 724] train_loss=0.2932 train_acc=0.9993 val_loss=0.4569 val_acc=0.8721
[EPOCH 725] train_loss=0.2951 train_acc=0.9981 val_loss=0.4631 val_acc=0.8706
[EPOCH 726] train_loss=0.2950 train_acc=0.9983 val_loss=0.4570 val_acc=0.8702
[EPOCH 727] train_loss=0.2951 train_acc=0.9980 val_loss=0.4612 val_acc=0.8687
[EPOCH 728] train_loss=0.2943 train_acc=0.9988 val_loss=0.4707 val_acc=0.8621
[EPOCH 729] train_loss=0.2936 train_acc=0.9987 val_loss=0.4653 val_acc=0.8669
[EPOCH 730] train_loss=0.2925 train_acc=0.9996 val_loss=0.4670 val_acc=0.8683
[EPOCH 731] train_loss=0.2928 train_acc=0.9992 val_loss=0.4891 val_acc=0.8602
[EPOCH 732] train_loss=0.2948 train_acc=0.9982 val_loss=0.4658 val_acc=0.8695
[EPOCH 733] train_loss=0.2942 train_acc=0.9987 val_loss=0.4904 val_acc=0.8582
[EPOCH 734] train_loss=0.2952 train_acc=0.9983 val_loss=0.4627 val_acc=0.8712
[EPOCH 735] train_loss=0.2941 train_acc=0.9988 val_loss=0.4615 val_acc=0.8692
[EPOCH 736] train_loss=0.2940 train_acc=0.9986 val_loss=0.4559 val_acc=0.8746
[EPOCH 737] train_loss=0.2936 train_acc=0.9986 val_loss=0.4685 val_acc=0.8668
[EPOCH 738] train_loss=0.2943 train_acc=0.9981 val_loss=0.4487 val_acc=0.8737
[EPOCH 739] train_loss=0.2933 train_acc=0.9986 val_loss=0.4585 val_acc=0.8689
[EPOCH 740] train_loss=0.2941 train_acc=0.9985 val_loss=0.4434 val_acc=0.8757
[EPOCH 741] train_loss=0.2929 train_acc=0.9990 val_loss=0.4527 val_acc=0.8723
[EPOCH 742] train_loss=0.2936 train_acc=0.9988 val_loss=0.4427 val_acc=0.8762
[EPOCH 743] train_loss=0.2934 train_acc=0.9989 val_loss=0.4733 val_acc=0.8661
[EPOCH 744] train_loss=0.2941 train_acc=0.9986 val_loss=0.4632 val_acc=0.8693
[EPOCH 745] train_loss=0.2940 train_acc=0.9985 val_loss=0.4475 val_acc=0.8716
[EPOCH 746] train_loss=0.2941 train_acc=0.9986 val_loss=0.4485 val_acc=0.8747
[EPOCH 747] train_loss=0.2929 train_acc=0.9988 val_loss=0.4473 val_acc=0.8759
[EPOCH 748] train_loss=0.2933 train_acc=0.9991 val_loss=0.4376 val_acc=0.8765
[EPOCH 749] train_loss=0.2930 train_acc=0.9991 val_loss=0.4469 val_acc=0.8747
[EPOCH 750] train_loss=0.2945 train_acc=0.9985 val_loss=0.4411 val_acc=0.8751
[EPOCH 751] train_loss=0.2930 train_acc=0.9992 val_loss=0.4452 val_acc=0.8746
[EPOCH 752] train_loss=0.2937 train_acc=0.9988 val_loss=0.4311 val_acc=0.8802
[EPOCH 753] train_loss=0.2938 train_acc=0.9986 val_loss=0.4427 val_acc=0.8768
[EPOCH 754] train_loss=0.2946 train_acc=0.9981 val_loss=0.4557 val_acc=0.8693
[EPOCH 755] train_loss=0.2938 train_acc=0.9986 val_loss=0.4526 val_acc=0.8750
[EPOCH 756] train_loss=0.2939 train_acc=0.9982 val_loss=0.4802 val_acc=0.8652
[EPOCH 757] train_loss=0.2948 train_acc=0.9981 val_loss=0.4498 val_acc=0.8713
[EPOCH 758] train_loss=0.2944 train_acc=0.9983 val_loss=0.4743 val_acc=0.8640
[EPOCH 759] train_loss=0.2925 train_acc=0.9994 val_loss=0.4761 val_acc=0.8645
[EPOCH 760] train_loss=0.2937 train_acc=0.9988 val_loss=0.4836 val_acc=0.8616
[EPOCH 761] train_loss=0.2931 train_acc=0.9990 val_loss=0.4531 val_acc=0.8748
[EPOCH 762] train_loss=0.2923 train_acc=0.9994 val_loss=0.4576 val_acc=0.8740
[EPOCH 763] train_loss=0.2950 train_acc=0.9981 val_loss=0.4478 val_acc=0.8730
[EPOCH 764] train_loss=0.2943 train_acc=0.9988 val_loss=0.4583 val_acc=0.8699
[EPOCH 765] train_loss=0.2926 train_acc=0.9991 val_loss=0.4655 val_acc=0.8683
[EPOCH 766] train_loss=0.2945 train_acc=0.9986 val_loss=0.4349 val_acc=0.8752
[EPOCH 767] train_loss=0.2933 train_acc=0.9990 val_loss=0.4617 val_acc=0.8689
[EPOCH 768] train_loss=0.2936 train_acc=0.9986 val_loss=0.4553 val_acc=0.8699
[EPOCH 769] train_loss=0.2953 train_acc=0.9982 val_loss=0.4566 val_acc=0.8696
[EPOCH 770] train_loss=0.2954 train_acc=0.9977 val_loss=0.4233 val_acc=0.8802
[EPOCH 771] train_loss=0.2930 train_acc=0.9995 val_loss=0.4371 val_acc=0.8764
[EPOCH 772] train_loss=0.2936 train_acc=0.9989 val_loss=0.4414 val_acc=0.8743
[EPOCH 773] train_loss=0.2930 train_acc=0.9990 val_loss=0.4366 val_acc=0.8803
[EPOCH 774] train_loss=0.2936 train_acc=0.9986 val_loss=0.4391 val_acc=0.8752
[EPOCH 775] train_loss=0.2940 train_acc=0.9982 val_loss=0.4295 val_acc=0.8788
[EPOCH 776] train_loss=0.2943 train_acc=0.9986 val_loss=0.4433 val_acc=0.8742
[EPOCH 777] train_loss=0.2936 train_acc=0.9989 val_loss=0.4372 val_acc=0.8745
[EPOCH 778] train_loss=0.2927 train_acc=0.9993 val_loss=0.4295 val_acc=0.8798
[EPOCH 779] train_loss=0.2938 train_acc=0.9989 val_loss=0.4259 val_acc=0.8830
[EPOCH 780] train_loss=0.2929 train_acc=0.9991 val_loss=0.4375 val_acc=0.8793
[EPOCH 781] train_loss=0.2930 train_acc=0.9990 val_loss=0.4499 val_acc=0.8729
[EPOCH 782] train_loss=0.2932 train_acc=0.9990 val_loss=0.4464 val_acc=0.8782
[EPOCH 783] train_loss=0.2947 train_acc=0.9986 val_loss=0.4368 val_acc=0.8782
[EPOCH 784] train_loss=0.2937 train_acc=0.9988 val_loss=0.4538 val_acc=0.8731
[EPOCH 785] train_loss=0.2934 train_acc=0.9989 val_loss=0.4549 val_acc=0.8746
[EPOCH 786] train_loss=0.2942 train_acc=0.9981 val_loss=0.4770 val_acc=0.8677
[EPOCH 787] train_loss=0.2939 train_acc=0.9988 val_loss=0.4730 val_acc=0.8693
[EPOCH 788] train_loss=0.2939 train_acc=0.9985 val_loss=0.4486 val_acc=0.8800
[EPOCH 789] train_loss=0.2932 train_acc=0.9991 val_loss=0.4528 val_acc=0.8739
[EPOCH 790] train_loss=0.2933 train_acc=0.9992 val_loss=0.4441 val_acc=0.8760
[EPOCH 791] train_loss=0.2924 train_acc=0.9995 val_loss=0.4464 val_acc=0.8767
[EPOCH 792] train_loss=0.2931 train_acc=0.9986 val_loss=0.4736 val_acc=0.8680
[EPOCH 793] train_loss=0.2937 train_acc=0.9989 val_loss=0.4644 val_acc=0.8732
[EPOCH 794] train_loss=0.2947 train_acc=0.9980 val_loss=0.4699 val_acc=0.8685
[EPOCH 795] train_loss=0.2936 train_acc=0.9988 val_loss=0.4523 val_acc=0.8714
[EPOCH 796] train_loss=0.2932 train_acc=0.9991 val_loss=0.4538 val_acc=0.8720
[EPOCH 797] train_loss=0.2931 train_acc=0.9991 val_loss=0.4548 val_acc=0.8741
[EPOCH 798] train_loss=0.2932 train_acc=0.9990 val_loss=0.4541 val_acc=0.8739
[EPOCH 799] train_loss=0.2920 train_acc=0.9995 val_loss=0.4547 val_acc=0.8754
=====================================================
             AVALIAÇÃO FINAL DO MODELO               
=====================================================
{'val_loss_final': 0.4546715307980776, 'val_accuracy_final': 0.8753867057653574}
