[cuda(id=0)]
>> CAMINHOS SELECIONADOS: 
>> CAMINHO DOS PESOS PRE-TREINADOS:  /home/marcio/Classifiers_Project/VIT/imagenet21k_ViT-B_16.npz
>> CAMINHO DO DIRETORIO DE SAIDA:  /home/marcio/Classifiers_Project/VIT/RESULTS
-----------------------------------------------------------
>> INICIANDO PIPELINE DE EXECUCAO: 
-----------------------------------------------------------
>> PARAMETROS E CONFIGURACOES DA REDE: 
>> Batch size : 16
>> Steps per epoch: 347
>> Total Steps: 173500
>> XTRAIN shape and type:  (5537, 224, 224, 3) float32
>> YTRAIN shape and type: (5537,) int32
>> XVAL shape and type: (2767, 224, 224, 3) float32
>> YVAL shape and type: (2767,) int32
-----------------------------------------------------------
>> Lendo checkpoint: /home/marcio/Classifiers_Project/VIT/imagenet21k_ViT-B_16.npz

================== CHECKPOINT REPORT ==================
Total parâmetros modelo:      200
Carregados com sucesso:       198
Chaves remapeadas:            0
Ignorados (head):             2
Ignorados (missing):          2
Ignorados (shape mismatch):   0
========================================================


>> TOTAL carregado: 198 parâmetros pré-treinados.
>> PESOS PRE-TREINADOS CARREGADOS COM SUCESSO!
=====================================================
            FINE-TUNNING PARCIAL ATIVADO             
=====================================================
           INICIANDO LOOP DE TREINAMENTO             
=====================================================
[EPOCH 0] train_loss=1.0859 train_acc=0.4556 val_loss=1.0516 val_acc=0.5493
[EPOCH 1] train_loss=0.9652 train_acc=0.6381 val_loss=0.8481 val_acc=0.6398
[EPOCH 2] train_loss=0.7719 train_acc=0.7144 val_loss=0.7670 val_acc=0.6526
[EPOCH 3] train_loss=0.6738 train_acc=0.7705 val_loss=0.6793 val_acc=0.7009
[EPOCH 4] train_loss=0.6271 train_acc=0.7954 val_loss=0.6663 val_acc=0.7142
[EPOCH 5] train_loss=0.5775 train_acc=0.8310 val_loss=0.6550 val_acc=0.7211
[EPOCH 6] train_loss=0.5579 train_acc=0.8438 val_loss=0.8266 val_acc=0.6657
[EPOCH 7] train_loss=0.5577 train_acc=0.8436 val_loss=0.6270 val_acc=0.7340
[EPOCH 8] train_loss=0.5193 train_acc=0.8664 val_loss=0.6706 val_acc=0.7293
[EPOCH 9] train_loss=0.5057 train_acc=0.8773 val_loss=0.6892 val_acc=0.7225
[EPOCH 10] train_loss=0.4853 train_acc=0.8851 val_loss=0.8344 val_acc=0.6939
[EPOCH 11] train_loss=0.4834 train_acc=0.8910 val_loss=0.7262 val_acc=0.7188
[EPOCH 12] train_loss=0.4649 train_acc=0.9016 val_loss=0.6881 val_acc=0.7268
[EPOCH 13] train_loss=0.4579 train_acc=0.9097 val_loss=0.6839 val_acc=0.7365
[EPOCH 14] train_loss=0.4730 train_acc=0.8969 val_loss=0.6705 val_acc=0.7364
[EPOCH 15] train_loss=0.4517 train_acc=0.9066 val_loss=0.6517 val_acc=0.7545
[EPOCH 16] train_loss=0.4443 train_acc=0.9154 val_loss=0.6878 val_acc=0.7369
[EPOCH 17] train_loss=0.4323 train_acc=0.9186 val_loss=0.6743 val_acc=0.7361
[EPOCH 18] train_loss=0.4278 train_acc=0.9194 val_loss=0.6363 val_acc=0.7517
[EPOCH 19] train_loss=0.4279 train_acc=0.9212 val_loss=0.6202 val_acc=0.7529
[EPOCH 20] train_loss=0.4228 train_acc=0.9247 val_loss=0.6442 val_acc=0.7573
[EPOCH 21] train_loss=0.4136 train_acc=0.9310 val_loss=0.6542 val_acc=0.7505
[EPOCH 22] train_loss=0.4178 train_acc=0.9280 val_loss=0.6714 val_acc=0.7421
[EPOCH 23] train_loss=0.4143 train_acc=0.9337 val_loss=0.6512 val_acc=0.7490
[EPOCH 24] train_loss=0.4051 train_acc=0.9355 val_loss=0.7504 val_acc=0.7367
[EPOCH 25] train_loss=0.3952 train_acc=0.9406 val_loss=0.7501 val_acc=0.7363
[EPOCH 26] train_loss=0.3953 train_acc=0.9415 val_loss=0.7252 val_acc=0.7374
[EPOCH 27] train_loss=0.3854 train_acc=0.9485 val_loss=0.7444 val_acc=0.7348
[EPOCH 28] train_loss=0.3848 train_acc=0.9456 val_loss=0.7511 val_acc=0.7367
[EPOCH 29] train_loss=0.3824 train_acc=0.9490 val_loss=0.7194 val_acc=0.7504
[EPOCH 30] train_loss=0.3827 train_acc=0.9501 val_loss=0.7039 val_acc=0.7485
[EPOCH 31] train_loss=0.3765 train_acc=0.9535 val_loss=0.7029 val_acc=0.7478
[EPOCH 32] train_loss=0.3751 train_acc=0.9546 val_loss=0.7630 val_acc=0.7442
[EPOCH 33] train_loss=0.3732 train_acc=0.9538 val_loss=0.7199 val_acc=0.7432
[EPOCH 34] train_loss=0.3693 train_acc=0.9558 val_loss=0.7367 val_acc=0.7424
[EPOCH 35] train_loss=0.3622 train_acc=0.9617 val_loss=0.7592 val_acc=0.7492
[EPOCH 36] train_loss=0.3684 train_acc=0.9582 val_loss=0.7138 val_acc=0.7533
[EPOCH 37] train_loss=0.3704 train_acc=0.9564 val_loss=0.6992 val_acc=0.7558
[EPOCH 38] train_loss=0.3641 train_acc=0.9605 val_loss=0.6974 val_acc=0.7601
[EPOCH 39] train_loss=0.3576 train_acc=0.9634 val_loss=0.7165 val_acc=0.7439
[EPOCH 40] train_loss=0.3590 train_acc=0.9612 val_loss=0.6742 val_acc=0.7682
[EPOCH 41] train_loss=0.3686 train_acc=0.9574 val_loss=0.6861 val_acc=0.7579
[EPOCH 42] train_loss=0.3539 train_acc=0.9653 val_loss=0.7536 val_acc=0.7500
[EPOCH 43] train_loss=0.3543 train_acc=0.9666 val_loss=0.7402 val_acc=0.7492
[EPOCH 44] train_loss=0.3535 train_acc=0.9664 val_loss=0.6948 val_acc=0.7658
[EPOCH 45] train_loss=0.3455 train_acc=0.9691 val_loss=0.7711 val_acc=0.7395
[EPOCH 46] train_loss=0.3520 train_acc=0.9671 val_loss=0.6929 val_acc=0.7683
[EPOCH 47] train_loss=0.3515 train_acc=0.9679 val_loss=0.7547 val_acc=0.7445
[EPOCH 48] train_loss=0.3519 train_acc=0.9661 val_loss=0.6789 val_acc=0.7694
[EPOCH 49] train_loss=0.3478 train_acc=0.9702 val_loss=0.7181 val_acc=0.7626
[EPOCH 50] train_loss=0.3400 train_acc=0.9740 val_loss=0.7710 val_acc=0.7539
[EPOCH 51] train_loss=0.3457 train_acc=0.9714 val_loss=0.7687 val_acc=0.7377
[EPOCH 52] train_loss=0.3399 train_acc=0.9738 val_loss=0.7491 val_acc=0.7500
[EPOCH 53] train_loss=0.3412 train_acc=0.9720 val_loss=0.6980 val_acc=0.7677
[EPOCH 54] train_loss=0.3435 train_acc=0.9711 val_loss=0.8147 val_acc=0.7352
[EPOCH 55] train_loss=0.3582 train_acc=0.9657 val_loss=0.7164 val_acc=0.7622
[EPOCH 56] train_loss=0.3381 train_acc=0.9738 val_loss=0.6994 val_acc=0.7645
[EPOCH 57] train_loss=0.3352 train_acc=0.9752 val_loss=0.7011 val_acc=0.7655
[EPOCH 58] train_loss=0.3427 train_acc=0.9731 val_loss=0.7008 val_acc=0.7723
[EPOCH 59] train_loss=0.3331 train_acc=0.9763 val_loss=0.7077 val_acc=0.7583
[EPOCH 60] train_loss=0.3380 train_acc=0.9750 val_loss=0.7084 val_acc=0.7630
[EPOCH 61] train_loss=0.3299 train_acc=0.9781 val_loss=0.7756 val_acc=0.7431
[EPOCH 62] train_loss=0.3368 train_acc=0.9734 val_loss=0.7084 val_acc=0.7666
[EPOCH 63] train_loss=0.3342 train_acc=0.9772 val_loss=0.6784 val_acc=0.7771
[EPOCH 64] train_loss=0.3329 train_acc=0.9779 val_loss=0.6818 val_acc=0.7669
[EPOCH 65] train_loss=0.3336 train_acc=0.9770 val_loss=0.7383 val_acc=0.7496
[EPOCH 66] train_loss=0.3341 train_acc=0.9761 val_loss=0.7293 val_acc=0.7540
[EPOCH 67] train_loss=0.3278 train_acc=0.9802 val_loss=0.7367 val_acc=0.7522
[EPOCH 68] train_loss=0.3314 train_acc=0.9788 val_loss=0.7616 val_acc=0.7446
[EPOCH 69] train_loss=0.3374 train_acc=0.9776 val_loss=0.7286 val_acc=0.7557
[EPOCH 70] train_loss=0.3725 train_acc=0.9587 val_loss=0.6826 val_acc=0.7741
[EPOCH 71] train_loss=0.3312 train_acc=0.9781 val_loss=0.7814 val_acc=0.7363
[EPOCH 72] train_loss=0.3306 train_acc=0.9788 val_loss=0.7398 val_acc=0.7521
[EPOCH 73] train_loss=0.3312 train_acc=0.9776 val_loss=0.7959 val_acc=0.7302
[EPOCH 74] train_loss=0.3303 train_acc=0.9781 val_loss=0.7401 val_acc=0.7543
[EPOCH 75] train_loss=0.3249 train_acc=0.9799 val_loss=0.7305 val_acc=0.7518
[EPOCH 76] train_loss=0.3269 train_acc=0.9806 val_loss=0.7111 val_acc=0.7716
[EPOCH 77] train_loss=0.3241 train_acc=0.9824 val_loss=0.7389 val_acc=0.7626
[EPOCH 78] train_loss=0.3243 train_acc=0.9826 val_loss=0.7281 val_acc=0.7518
[EPOCH 79] train_loss=0.3306 train_acc=0.9795 val_loss=0.7184 val_acc=0.7554
[EPOCH 80] train_loss=0.3235 train_acc=0.9835 val_loss=0.7871 val_acc=0.7303
[EPOCH 81] train_loss=0.3222 train_acc=0.9828 val_loss=0.7183 val_acc=0.7604
[EPOCH 82] train_loss=0.3215 train_acc=0.9838 val_loss=0.7067 val_acc=0.7680
[EPOCH 83] train_loss=0.3227 train_acc=0.9831 val_loss=0.7472 val_acc=0.7576
[EPOCH 84] train_loss=0.3230 train_acc=0.9835 val_loss=0.6992 val_acc=0.7626
[EPOCH 85] train_loss=0.3176 train_acc=0.9865 val_loss=0.7481 val_acc=0.7634
[EPOCH 86] train_loss=0.3216 train_acc=0.9842 val_loss=0.7230 val_acc=0.7662
[EPOCH 87] train_loss=0.3146 train_acc=0.9880 val_loss=0.7155 val_acc=0.7709
[EPOCH 88] train_loss=0.3246 train_acc=0.9815 val_loss=0.6777 val_acc=0.7784
[EPOCH 89] train_loss=0.3254 train_acc=0.9811 val_loss=0.6871 val_acc=0.7687
[EPOCH 90] train_loss=0.3207 train_acc=0.9835 val_loss=0.8216 val_acc=0.7424
[EPOCH 91] train_loss=0.3192 train_acc=0.9838 val_loss=0.7643 val_acc=0.7523
[EPOCH 92] train_loss=0.3164 train_acc=0.9871 val_loss=0.6660 val_acc=0.7764
[EPOCH 93] train_loss=0.3220 train_acc=0.9835 val_loss=0.7476 val_acc=0.7569
[EPOCH 94] train_loss=0.3149 train_acc=0.9872 val_loss=0.7911 val_acc=0.7457
[EPOCH 95] train_loss=0.3169 train_acc=0.9864 val_loss=0.7043 val_acc=0.7723
[EPOCH 96] train_loss=0.3229 train_acc=0.9828 val_loss=0.7989 val_acc=0.7421
[EPOCH 97] train_loss=0.3151 train_acc=0.9871 val_loss=0.6982 val_acc=0.7720
[EPOCH 98] train_loss=0.3155 train_acc=0.9872 val_loss=0.7044 val_acc=0.7752
[EPOCH 99] train_loss=0.3160 train_acc=0.9858 val_loss=0.7186 val_acc=0.7698
[EPOCH 100] train_loss=0.3201 train_acc=0.9851 val_loss=0.7105 val_acc=0.7676
[EPOCH 101] train_loss=0.3129 train_acc=0.9894 val_loss=0.7861 val_acc=0.7489
[EPOCH 102] train_loss=0.3141 train_acc=0.9881 val_loss=0.7251 val_acc=0.7636
[EPOCH 103] train_loss=0.3134 train_acc=0.9878 val_loss=0.7471 val_acc=0.7665
[EPOCH 104] train_loss=0.3116 train_acc=0.9894 val_loss=0.7695 val_acc=0.7525
[EPOCH 105] train_loss=0.3159 train_acc=0.9856 val_loss=0.7465 val_acc=0.7580
[EPOCH 106] train_loss=0.3239 train_acc=0.9819 val_loss=0.7086 val_acc=0.7663
[EPOCH 107] train_loss=0.3143 train_acc=0.9883 val_loss=0.7602 val_acc=0.7494
[EPOCH 108] train_loss=0.3141 train_acc=0.9872 val_loss=0.7464 val_acc=0.7540
[EPOCH 109] train_loss=0.3140 train_acc=0.9874 val_loss=0.6887 val_acc=0.7781
[EPOCH 110] train_loss=0.3182 train_acc=0.9844 val_loss=0.7315 val_acc=0.7603
[EPOCH 111] train_loss=0.3118 train_acc=0.9898 val_loss=0.7528 val_acc=0.7533
[EPOCH 112] train_loss=0.3128 train_acc=0.9885 val_loss=0.7221 val_acc=0.7652
[EPOCH 113] train_loss=0.3128 train_acc=0.9883 val_loss=0.7735 val_acc=0.7511
[EPOCH 114] train_loss=0.3141 train_acc=0.9883 val_loss=0.7028 val_acc=0.7702
[EPOCH 115] train_loss=0.3137 train_acc=0.9878 val_loss=0.7328 val_acc=0.7666
[EPOCH 116] train_loss=0.3132 train_acc=0.9872 val_loss=0.7280 val_acc=0.7620
[EPOCH 117] train_loss=0.3083 train_acc=0.9914 val_loss=0.7930 val_acc=0.7449
[EPOCH 118] train_loss=0.3127 train_acc=0.9889 val_loss=0.7672 val_acc=0.7553
[EPOCH 119] train_loss=0.3140 train_acc=0.9881 val_loss=0.7574 val_acc=0.7608
[EPOCH 120] train_loss=0.3079 train_acc=0.9914 val_loss=0.7756 val_acc=0.7582
[EPOCH 121] train_loss=0.3137 train_acc=0.9880 val_loss=0.7665 val_acc=0.7519
[EPOCH 122] train_loss=0.3111 train_acc=0.9908 val_loss=0.7830 val_acc=0.7458
[EPOCH 123] train_loss=0.3206 train_acc=0.9840 val_loss=0.7045 val_acc=0.7710
[EPOCH 124] train_loss=0.3074 train_acc=0.9919 val_loss=0.7913 val_acc=0.7525
[EPOCH 125] train_loss=0.3168 train_acc=0.9858 val_loss=0.7342 val_acc=0.7573
[EPOCH 126] train_loss=0.3139 train_acc=0.9880 val_loss=0.7127 val_acc=0.7698
[EPOCH 127] train_loss=0.3088 train_acc=0.9903 val_loss=0.7725 val_acc=0.7496
[EPOCH 128] train_loss=0.3085 train_acc=0.9903 val_loss=0.7423 val_acc=0.7638
[EPOCH 129] train_loss=0.3111 train_acc=0.9903 val_loss=0.7694 val_acc=0.7547
[EPOCH 130] train_loss=0.3197 train_acc=0.9851 val_loss=0.7381 val_acc=0.7602
[EPOCH 131] train_loss=0.3117 train_acc=0.9885 val_loss=0.7959 val_acc=0.7403
[EPOCH 132] train_loss=0.3087 train_acc=0.9907 val_loss=0.7710 val_acc=0.7555
[EPOCH 133] train_loss=0.3080 train_acc=0.9912 val_loss=0.7765 val_acc=0.7489
[EPOCH 134] train_loss=0.3101 train_acc=0.9901 val_loss=0.8148 val_acc=0.7438
[EPOCH 135] train_loss=0.3080 train_acc=0.9919 val_loss=0.7577 val_acc=0.7582
[EPOCH 136] train_loss=0.3106 train_acc=0.9898 val_loss=0.7629 val_acc=0.7554
[EPOCH 137] train_loss=0.3068 train_acc=0.9914 val_loss=0.7981 val_acc=0.7467
[EPOCH 138] train_loss=0.3081 train_acc=0.9910 val_loss=0.7887 val_acc=0.7507
[EPOCH 139] train_loss=0.3080 train_acc=0.9921 val_loss=0.7379 val_acc=0.7661
[EPOCH 140] train_loss=0.3107 train_acc=0.9916 val_loss=0.7565 val_acc=0.7625
[EPOCH 141] train_loss=0.3066 train_acc=0.9925 val_loss=0.7596 val_acc=0.7611
[EPOCH 142] train_loss=0.3107 train_acc=0.9899 val_loss=0.8240 val_acc=0.7370
[EPOCH 143] train_loss=0.3103 train_acc=0.9907 val_loss=0.7536 val_acc=0.7611
[EPOCH 144] train_loss=0.3122 train_acc=0.9885 val_loss=0.7643 val_acc=0.7539
[EPOCH 145] train_loss=0.3110 train_acc=0.9901 val_loss=0.7363 val_acc=0.7670
[EPOCH 146] train_loss=0.3060 train_acc=0.9926 val_loss=0.7641 val_acc=0.7568
[EPOCH 147] train_loss=0.3066 train_acc=0.9914 val_loss=0.7990 val_acc=0.7464
[EPOCH 148] train_loss=0.3078 train_acc=0.9914 val_loss=0.7556 val_acc=0.7633
[EPOCH 149] train_loss=0.3047 train_acc=0.9930 val_loss=0.7020 val_acc=0.7807
[EPOCH 150] train_loss=0.3072 train_acc=0.9910 val_loss=0.7452 val_acc=0.7709
[EPOCH 151] train_loss=0.3102 train_acc=0.9896 val_loss=0.7636 val_acc=0.7648
[EPOCH 152] train_loss=0.3058 train_acc=0.9921 val_loss=0.7611 val_acc=0.7601
[EPOCH 153] train_loss=0.3084 train_acc=0.9916 val_loss=0.7407 val_acc=0.7648
[EPOCH 154] train_loss=0.3055 train_acc=0.9923 val_loss=0.7395 val_acc=0.7658
[EPOCH 155] train_loss=0.3025 train_acc=0.9946 val_loss=0.7841 val_acc=0.7586
[EPOCH 156] train_loss=0.3102 train_acc=0.9910 val_loss=0.7384 val_acc=0.7583
[EPOCH 157] train_loss=0.3107 train_acc=0.9892 val_loss=0.6809 val_acc=0.7772
[EPOCH 158] train_loss=0.3064 train_acc=0.9930 val_loss=0.7319 val_acc=0.7684
[EPOCH 159] train_loss=0.3050 train_acc=0.9928 val_loss=0.7230 val_acc=0.7679
[EPOCH 160] train_loss=0.3034 train_acc=0.9932 val_loss=0.7668 val_acc=0.7608
[EPOCH 161] train_loss=0.3054 train_acc=0.9930 val_loss=0.7903 val_acc=0.7475
[EPOCH 162] train_loss=0.3080 train_acc=0.9901 val_loss=0.7420 val_acc=0.7735
[EPOCH 163] train_loss=0.3031 train_acc=0.9937 val_loss=0.7744 val_acc=0.7627
[EPOCH 164] train_loss=0.3068 train_acc=0.9912 val_loss=0.7602 val_acc=0.7669
[EPOCH 165] train_loss=0.3068 train_acc=0.9919 val_loss=0.7738 val_acc=0.7551
[EPOCH 166] train_loss=0.3078 train_acc=0.9903 val_loss=0.8040 val_acc=0.7532
[EPOCH 167] train_loss=0.3077 train_acc=0.9916 val_loss=0.8102 val_acc=0.7445
[EPOCH 168] train_loss=0.3039 train_acc=0.9928 val_loss=0.7856 val_acc=0.7542
[EPOCH 169] train_loss=0.3049 train_acc=0.9930 val_loss=0.8063 val_acc=0.7531
[EPOCH 170] train_loss=0.3015 train_acc=0.9952 val_loss=0.8424 val_acc=0.7441
[EPOCH 171] train_loss=0.3067 train_acc=0.9912 val_loss=0.8301 val_acc=0.7449
[EPOCH 172] train_loss=0.3055 train_acc=0.9925 val_loss=0.7546 val_acc=0.7695
[EPOCH 173] train_loss=0.3036 train_acc=0.9937 val_loss=0.7531 val_acc=0.7663
[EPOCH 174] train_loss=0.3083 train_acc=0.9910 val_loss=0.8332 val_acc=0.7474
[EPOCH 175] train_loss=0.3031 train_acc=0.9935 val_loss=0.7789 val_acc=0.7557
[EPOCH 176] train_loss=0.3040 train_acc=0.9928 val_loss=0.8294 val_acc=0.7442
[EPOCH 177] train_loss=0.3033 train_acc=0.9939 val_loss=0.7647 val_acc=0.7597
[EPOCH 178] train_loss=0.3063 train_acc=0.9919 val_loss=0.7257 val_acc=0.7712
[EPOCH 179] train_loss=0.3069 train_acc=0.9916 val_loss=0.7802 val_acc=0.7557
[EPOCH 180] train_loss=0.3013 train_acc=0.9939 val_loss=0.7446 val_acc=0.7698
[EPOCH 181] train_loss=0.3065 train_acc=0.9908 val_loss=0.7201 val_acc=0.7771
[EPOCH 182] train_loss=0.3056 train_acc=0.9919 val_loss=0.7459 val_acc=0.7655
[EPOCH 183] train_loss=0.3038 train_acc=0.9930 val_loss=0.7824 val_acc=0.7580
[EPOCH 184] train_loss=0.3053 train_acc=0.9943 val_loss=0.7604 val_acc=0.7659
[EPOCH 185] train_loss=0.2998 train_acc=0.9968 val_loss=0.7768 val_acc=0.7633
[EPOCH 186] train_loss=0.3054 train_acc=0.9926 val_loss=0.7793 val_acc=0.7662
[EPOCH 187] train_loss=0.3052 train_acc=0.9926 val_loss=0.7388 val_acc=0.7737
[EPOCH 188] train_loss=0.3031 train_acc=0.9932 val_loss=0.7909 val_acc=0.7578
[EPOCH 189] train_loss=0.3024 train_acc=0.9937 val_loss=0.8248 val_acc=0.7510
[EPOCH 190] train_loss=0.3055 train_acc=0.9925 val_loss=0.7750 val_acc=0.7661
[EPOCH 191] train_loss=0.3013 train_acc=0.9946 val_loss=0.8539 val_acc=0.7446
[EPOCH 192] train_loss=0.3039 train_acc=0.9934 val_loss=0.7635 val_acc=0.7640
[EPOCH 193] train_loss=0.3046 train_acc=0.9930 val_loss=0.7461 val_acc=0.7683
[EPOCH 194] train_loss=0.3012 train_acc=0.9953 val_loss=0.8500 val_acc=0.7467
[EPOCH 195] train_loss=0.3020 train_acc=0.9946 val_loss=0.7990 val_acc=0.7510
[EPOCH 196] train_loss=0.3041 train_acc=0.9934 val_loss=0.7699 val_acc=0.7685
[EPOCH 197] train_loss=0.3049 train_acc=0.9932 val_loss=0.7698 val_acc=0.7630
[EPOCH 198] train_loss=0.3038 train_acc=0.9921 val_loss=0.7621 val_acc=0.7648
[EPOCH 199] train_loss=0.3061 train_acc=0.9925 val_loss=0.7843 val_acc=0.7578
[EPOCH 200] train_loss=0.3014 train_acc=0.9953 val_loss=0.7731 val_acc=0.7669
[EPOCH 201] train_loss=0.3031 train_acc=0.9946 val_loss=0.8293 val_acc=0.7502
[EPOCH 202] train_loss=0.3029 train_acc=0.9943 val_loss=0.7903 val_acc=0.7560
[EPOCH 203] train_loss=0.3017 train_acc=0.9948 val_loss=0.7793 val_acc=0.7618
[EPOCH 204] train_loss=0.3065 train_acc=0.9921 val_loss=0.7512 val_acc=0.7662
[EPOCH 205] train_loss=0.3007 train_acc=0.9950 val_loss=0.7924 val_acc=0.7565
[EPOCH 206] train_loss=0.3130 train_acc=0.9889 val_loss=0.7288 val_acc=0.7774
[EPOCH 207] train_loss=0.3253 train_acc=0.9842 val_loss=0.7746 val_acc=0.7610
[EPOCH 208] train_loss=0.2999 train_acc=0.9953 val_loss=0.7601 val_acc=0.7640
[EPOCH 209] train_loss=0.2987 train_acc=0.9964 val_loss=0.7807 val_acc=0.7599
[EPOCH 210] train_loss=0.2998 train_acc=0.9948 val_loss=0.7976 val_acc=0.7582
[EPOCH 211] train_loss=0.3013 train_acc=0.9948 val_loss=0.7979 val_acc=0.7608
[EPOCH 212] train_loss=0.3014 train_acc=0.9953 val_loss=0.7840 val_acc=0.7632
[EPOCH 213] train_loss=0.3011 train_acc=0.9952 val_loss=0.7834 val_acc=0.7668
[EPOCH 214] train_loss=0.2989 train_acc=0.9962 val_loss=0.7650 val_acc=0.7715
[EPOCH 215] train_loss=0.3023 train_acc=0.9946 val_loss=0.7654 val_acc=0.7687
[EPOCH 216] train_loss=0.3045 train_acc=0.9935 val_loss=0.7473 val_acc=0.7637
[EPOCH 217] train_loss=0.3041 train_acc=0.9939 val_loss=0.7271 val_acc=0.7698
[EPOCH 218] train_loss=0.3024 train_acc=0.9932 val_loss=0.7735 val_acc=0.7666
[EPOCH 219] train_loss=0.3018 train_acc=0.9943 val_loss=0.8010 val_acc=0.7536
[EPOCH 220] train_loss=0.3025 train_acc=0.9935 val_loss=0.7616 val_acc=0.7643
[EPOCH 221] train_loss=0.2988 train_acc=0.9959 val_loss=0.7486 val_acc=0.7758
[EPOCH 222] train_loss=0.3030 train_acc=0.9946 val_loss=0.7932 val_acc=0.7633
[EPOCH 223] train_loss=0.2969 train_acc=0.9978 val_loss=0.8100 val_acc=0.7557
[EPOCH 224] train_loss=0.3034 train_acc=0.9937 val_loss=0.7801 val_acc=0.7629
[EPOCH 225] train_loss=0.2990 train_acc=0.9960 val_loss=0.7768 val_acc=0.7661
[EPOCH 226] train_loss=0.3015 train_acc=0.9948 val_loss=0.7504 val_acc=0.7732
[EPOCH 227] train_loss=0.3011 train_acc=0.9944 val_loss=0.7305 val_acc=0.7813
[EPOCH 228] train_loss=0.2999 train_acc=0.9959 val_loss=0.7433 val_acc=0.7784
[EPOCH 229] train_loss=0.3040 train_acc=0.9928 val_loss=0.8247 val_acc=0.7488
[EPOCH 230] train_loss=0.3022 train_acc=0.9937 val_loss=0.8020 val_acc=0.7604
[EPOCH 231] train_loss=0.3007 train_acc=0.9946 val_loss=0.7742 val_acc=0.7670
[EPOCH 232] train_loss=0.2988 train_acc=0.9962 val_loss=0.7592 val_acc=0.7722
[EPOCH 233] train_loss=0.2993 train_acc=0.9959 val_loss=0.7857 val_acc=0.7608
[EPOCH 234] train_loss=0.3056 train_acc=0.9930 val_loss=0.7615 val_acc=0.7720
[EPOCH 235] train_loss=0.2991 train_acc=0.9957 val_loss=0.7874 val_acc=0.7608
[EPOCH 236] train_loss=0.3044 train_acc=0.9930 val_loss=0.7364 val_acc=0.7730
[EPOCH 237] train_loss=0.3023 train_acc=0.9946 val_loss=0.7579 val_acc=0.7685
[EPOCH 238] train_loss=0.2999 train_acc=0.9953 val_loss=0.7984 val_acc=0.7590
[EPOCH 239] train_loss=0.2996 train_acc=0.9953 val_loss=0.7852 val_acc=0.7623
[EPOCH 240] train_loss=0.2976 train_acc=0.9966 val_loss=0.7835 val_acc=0.7673
[EPOCH 241] train_loss=0.3034 train_acc=0.9932 val_loss=0.8082 val_acc=0.7572
[EPOCH 242] train_loss=0.2994 train_acc=0.9964 val_loss=0.7644 val_acc=0.7706
[EPOCH 243] train_loss=0.2986 train_acc=0.9959 val_loss=0.7485 val_acc=0.7753
[EPOCH 244] train_loss=0.2985 train_acc=0.9962 val_loss=0.7414 val_acc=0.7763
[EPOCH 245] train_loss=0.3012 train_acc=0.9944 val_loss=0.8023 val_acc=0.7600
[EPOCH 246] train_loss=0.2989 train_acc=0.9957 val_loss=0.7607 val_acc=0.7745
[EPOCH 247] train_loss=0.3003 train_acc=0.9955 val_loss=0.7918 val_acc=0.7669
[EPOCH 248] train_loss=0.3003 train_acc=0.9952 val_loss=0.8029 val_acc=0.7579
[EPOCH 249] train_loss=0.2999 train_acc=0.9952 val_loss=0.8053 val_acc=0.7607
[EPOCH 250] train_loss=0.3007 train_acc=0.9941 val_loss=0.7822 val_acc=0.7665
[EPOCH 251] train_loss=0.2994 train_acc=0.9959 val_loss=0.7493 val_acc=0.7720
[EPOCH 252] train_loss=0.2984 train_acc=0.9966 val_loss=0.7217 val_acc=0.7835
[EPOCH 253] train_loss=0.3006 train_acc=0.9953 val_loss=0.7880 val_acc=0.7622
[EPOCH 254] train_loss=0.2987 train_acc=0.9962 val_loss=0.8147 val_acc=0.7546
[EPOCH 255] train_loss=0.3012 train_acc=0.9943 val_loss=0.7594 val_acc=0.7679
[EPOCH 256] train_loss=0.2977 train_acc=0.9968 val_loss=0.8272 val_acc=0.7556
[EPOCH 257] train_loss=0.3017 train_acc=0.9952 val_loss=0.8147 val_acc=0.7513
[EPOCH 258] train_loss=0.2967 train_acc=0.9978 val_loss=0.8129 val_acc=0.7587
[EPOCH 259] train_loss=0.3013 train_acc=0.9946 val_loss=0.8105 val_acc=0.7651
[EPOCH 260] train_loss=0.3060 train_acc=0.9919 val_loss=0.7396 val_acc=0.7744
[EPOCH 261] train_loss=0.3001 train_acc=0.9957 val_loss=0.7892 val_acc=0.7623
[EPOCH 262] train_loss=0.2996 train_acc=0.9955 val_loss=0.7940 val_acc=0.7590
[EPOCH 263] train_loss=0.3018 train_acc=0.9937 val_loss=0.8109 val_acc=0.7549
[EPOCH 264] train_loss=0.2987 train_acc=0.9960 val_loss=0.8067 val_acc=0.7586
[EPOCH 265] train_loss=0.2987 train_acc=0.9960 val_loss=0.8044 val_acc=0.7529
[EPOCH 266] train_loss=0.2961 train_acc=0.9977 val_loss=0.8167 val_acc=0.7564
[EPOCH 267] train_loss=0.2966 train_acc=0.9977 val_loss=0.8213 val_acc=0.7530
[EPOCH 268] train_loss=0.2969 train_acc=0.9971 val_loss=0.7719 val_acc=0.7729
[EPOCH 269] train_loss=0.3001 train_acc=0.9952 val_loss=0.7339 val_acc=0.7784
[EPOCH 270] train_loss=0.2997 train_acc=0.9955 val_loss=0.7562 val_acc=0.7733
[EPOCH 271] train_loss=0.2989 train_acc=0.9957 val_loss=0.7531 val_acc=0.7708
[EPOCH 272] train_loss=0.2999 train_acc=0.9950 val_loss=0.7852 val_acc=0.7639
[EPOCH 273] train_loss=0.2998 train_acc=0.9957 val_loss=0.7771 val_acc=0.7711
[EPOCH 274] train_loss=0.2983 train_acc=0.9960 val_loss=0.8043 val_acc=0.7589
[EPOCH 275] train_loss=0.2978 train_acc=0.9969 val_loss=0.7763 val_acc=0.7697
[EPOCH 276] train_loss=0.2992 train_acc=0.9959 val_loss=0.7604 val_acc=0.7733
[EPOCH 277] train_loss=0.2984 train_acc=0.9959 val_loss=0.8052 val_acc=0.7572
[EPOCH 278] train_loss=0.2993 train_acc=0.9957 val_loss=0.7793 val_acc=0.7683
[EPOCH 279] train_loss=0.3031 train_acc=0.9926 val_loss=0.7796 val_acc=0.7679
[EPOCH 280] train_loss=0.2988 train_acc=0.9964 val_loss=0.7869 val_acc=0.7640
[EPOCH 281] train_loss=0.2982 train_acc=0.9971 val_loss=0.8084 val_acc=0.7568
[EPOCH 282] train_loss=0.3026 train_acc=0.9934 val_loss=0.7789 val_acc=0.7715
[EPOCH 283] train_loss=0.2975 train_acc=0.9971 val_loss=0.7753 val_acc=0.7658
[EPOCH 284] train_loss=0.2969 train_acc=0.9973 val_loss=0.8985 val_acc=0.7376
[EPOCH 285] train_loss=0.2990 train_acc=0.9959 val_loss=0.8408 val_acc=0.7495
[EPOCH 286] train_loss=0.3016 train_acc=0.9948 val_loss=0.7833 val_acc=0.7654
[EPOCH 287] train_loss=0.2971 train_acc=0.9966 val_loss=0.7855 val_acc=0.7669
[EPOCH 288] train_loss=0.2982 train_acc=0.9969 val_loss=0.7869 val_acc=0.7657
[EPOCH 289] train_loss=0.3006 train_acc=0.9952 val_loss=0.8043 val_acc=0.7536
[EPOCH 290] train_loss=0.2996 train_acc=0.9960 val_loss=0.7561 val_acc=0.7708
[EPOCH 291] train_loss=0.2967 train_acc=0.9975 val_loss=0.8002 val_acc=0.7630
[EPOCH 292] train_loss=0.2996 train_acc=0.9953 val_loss=0.8095 val_acc=0.7611
[EPOCH 293] train_loss=0.2972 train_acc=0.9969 val_loss=0.7899 val_acc=0.7661
[EPOCH 294] train_loss=0.2964 train_acc=0.9973 val_loss=0.8150 val_acc=0.7633
[EPOCH 295] train_loss=0.3005 train_acc=0.9957 val_loss=0.8016 val_acc=0.7614
[EPOCH 296] train_loss=0.2969 train_acc=0.9971 val_loss=0.8212 val_acc=0.7521
[EPOCH 297] train_loss=0.2985 train_acc=0.9960 val_loss=0.7851 val_acc=0.7636
[EPOCH 298] train_loss=0.3024 train_acc=0.9944 val_loss=0.8368 val_acc=0.7454
[EPOCH 299] train_loss=0.2962 train_acc=0.9971 val_loss=0.8063 val_acc=0.7593
[EPOCH 300] train_loss=0.3009 train_acc=0.9944 val_loss=0.7797 val_acc=0.7666
[EPOCH 301] train_loss=0.2993 train_acc=0.9962 val_loss=0.8038 val_acc=0.7536
[EPOCH 302] train_loss=0.2972 train_acc=0.9975 val_loss=0.8189 val_acc=0.7546
[EPOCH 303] train_loss=0.2976 train_acc=0.9960 val_loss=0.8364 val_acc=0.7496
[EPOCH 304] train_loss=0.3001 train_acc=0.9960 val_loss=0.8314 val_acc=0.7503
[EPOCH 305] train_loss=0.2949 train_acc=0.9982 val_loss=0.8175 val_acc=0.7549
[EPOCH 306] train_loss=0.3020 train_acc=0.9943 val_loss=0.8023 val_acc=0.7550
[EPOCH 307] train_loss=0.2950 train_acc=0.9980 val_loss=0.8464 val_acc=0.7467
[EPOCH 308] train_loss=0.2983 train_acc=0.9966 val_loss=0.9027 val_acc=0.7330
[EPOCH 309] train_loss=0.2971 train_acc=0.9969 val_loss=0.8157 val_acc=0.7597
[EPOCH 310] train_loss=0.2992 train_acc=0.9959 val_loss=0.8469 val_acc=0.7485
[EPOCH 311] train_loss=0.2995 train_acc=0.9955 val_loss=0.8241 val_acc=0.7529
[EPOCH 312] train_loss=0.2977 train_acc=0.9960 val_loss=0.7995 val_acc=0.7676
[EPOCH 313] train_loss=0.2965 train_acc=0.9978 val_loss=0.7997 val_acc=0.7600
[EPOCH 314] train_loss=0.2981 train_acc=0.9960 val_loss=0.7714 val_acc=0.7655
[EPOCH 315] train_loss=0.2980 train_acc=0.9966 val_loss=0.8050 val_acc=0.7602
[EPOCH 316] train_loss=0.2971 train_acc=0.9969 val_loss=0.8228 val_acc=0.7582
[EPOCH 317] train_loss=0.2972 train_acc=0.9975 val_loss=0.7982 val_acc=0.7655
[EPOCH 318] train_loss=0.3003 train_acc=0.9957 val_loss=0.7774 val_acc=0.7695
[EPOCH 319] train_loss=0.2983 train_acc=0.9966 val_loss=0.8053 val_acc=0.7562
[EPOCH 320] train_loss=0.2963 train_acc=0.9969 val_loss=0.8076 val_acc=0.7613
[EPOCH 321] train_loss=0.2955 train_acc=0.9978 val_loss=0.8265 val_acc=0.7611
[EPOCH 322] train_loss=0.2963 train_acc=0.9975 val_loss=0.7813 val_acc=0.7738
[EPOCH 323] train_loss=0.2955 train_acc=0.9980 val_loss=0.7842 val_acc=0.7717
[EPOCH 324] train_loss=0.2991 train_acc=0.9953 val_loss=0.7689 val_acc=0.7767
[EPOCH 325] train_loss=0.2980 train_acc=0.9962 val_loss=0.7776 val_acc=0.7705
[EPOCH 326] train_loss=0.2980 train_acc=0.9969 val_loss=0.7665 val_acc=0.7702
[EPOCH 327] train_loss=0.2984 train_acc=0.9960 val_loss=0.8107 val_acc=0.7547
[EPOCH 328] train_loss=0.3001 train_acc=0.9952 val_loss=0.7832 val_acc=0.7688
[EPOCH 329] train_loss=0.2969 train_acc=0.9968 val_loss=0.7913 val_acc=0.7615
[EPOCH 330] train_loss=0.2966 train_acc=0.9971 val_loss=0.8122 val_acc=0.7507
[EPOCH 331] train_loss=0.2990 train_acc=0.9960 val_loss=0.8238 val_acc=0.7470
[EPOCH 332] train_loss=0.2972 train_acc=0.9966 val_loss=0.8127 val_acc=0.7599
[EPOCH 333] train_loss=0.3001 train_acc=0.9950 val_loss=0.7429 val_acc=0.7795
[EPOCH 334] train_loss=0.2978 train_acc=0.9969 val_loss=0.7875 val_acc=0.7654
[EPOCH 335] train_loss=0.2953 train_acc=0.9980 val_loss=0.8044 val_acc=0.7585
[EPOCH 336] train_loss=0.2985 train_acc=0.9960 val_loss=0.7752 val_acc=0.7658
[EPOCH 337] train_loss=0.2959 train_acc=0.9975 val_loss=0.7890 val_acc=0.7626
[EPOCH 338] train_loss=0.2951 train_acc=0.9984 val_loss=0.7592 val_acc=0.7698
[EPOCH 339] train_loss=0.2982 train_acc=0.9959 val_loss=0.7608 val_acc=0.7727
[EPOCH 340] train_loss=0.2950 train_acc=0.9978 val_loss=0.7731 val_acc=0.7713
[EPOCH 341] train_loss=0.2977 train_acc=0.9966 val_loss=0.8103 val_acc=0.7641
[EPOCH 342] train_loss=0.2953 train_acc=0.9975 val_loss=0.8158 val_acc=0.7625
[EPOCH 343] train_loss=0.2965 train_acc=0.9975 val_loss=0.7836 val_acc=0.7666
[EPOCH 344] train_loss=0.2982 train_acc=0.9966 val_loss=0.7653 val_acc=0.7730
[EPOCH 345] train_loss=0.2953 train_acc=0.9980 val_loss=0.7754 val_acc=0.7699
[EPOCH 346] train_loss=0.2967 train_acc=0.9977 val_loss=0.7846 val_acc=0.7645
[EPOCH 347] train_loss=0.2960 train_acc=0.9975 val_loss=0.7952 val_acc=0.7652
[EPOCH 348] train_loss=0.2974 train_acc=0.9975 val_loss=0.8068 val_acc=0.7626
[EPOCH 349] train_loss=0.2943 train_acc=0.9986 val_loss=0.8101 val_acc=0.7648
[EPOCH 350] train_loss=0.2980 train_acc=0.9960 val_loss=0.7746 val_acc=0.7710
[EPOCH 351] train_loss=0.2992 train_acc=0.9960 val_loss=0.7535 val_acc=0.7774
[EPOCH 352] train_loss=0.2991 train_acc=0.9959 val_loss=0.7559 val_acc=0.7742
[EPOCH 353] train_loss=0.2965 train_acc=0.9969 val_loss=0.7905 val_acc=0.7665
[EPOCH 354] train_loss=0.2971 train_acc=0.9968 val_loss=0.8039 val_acc=0.7639
[EPOCH 355] train_loss=0.2949 train_acc=0.9984 val_loss=0.7815 val_acc=0.7730
[EPOCH 356] train_loss=0.2969 train_acc=0.9969 val_loss=0.7932 val_acc=0.7705
[EPOCH 357] train_loss=0.2958 train_acc=0.9982 val_loss=0.7740 val_acc=0.7730
[EPOCH 358] train_loss=0.2977 train_acc=0.9964 val_loss=0.7805 val_acc=0.7679
[EPOCH 359] train_loss=0.2976 train_acc=0.9966 val_loss=0.8062 val_acc=0.7593
[EPOCH 360] train_loss=0.2953 train_acc=0.9980 val_loss=0.7788 val_acc=0.7744
[EPOCH 361] train_loss=0.2967 train_acc=0.9977 val_loss=0.7996 val_acc=0.7686
[EPOCH 362] train_loss=0.2961 train_acc=0.9969 val_loss=0.7899 val_acc=0.7713
[EPOCH 363] train_loss=0.2974 train_acc=0.9971 val_loss=0.8209 val_acc=0.7555
[EPOCH 364] train_loss=0.2966 train_acc=0.9971 val_loss=0.8159 val_acc=0.7619
[EPOCH 365] train_loss=0.2968 train_acc=0.9968 val_loss=0.8010 val_acc=0.7666
[EPOCH 366] train_loss=0.2961 train_acc=0.9975 val_loss=0.8105 val_acc=0.7603
[EPOCH 367] train_loss=0.2980 train_acc=0.9966 val_loss=0.8049 val_acc=0.7655
[EPOCH 368] train_loss=0.2955 train_acc=0.9978 val_loss=0.7841 val_acc=0.7722
[EPOCH 369] train_loss=0.2974 train_acc=0.9962 val_loss=0.7592 val_acc=0.7789
[EPOCH 370] train_loss=0.2960 train_acc=0.9977 val_loss=0.7531 val_acc=0.7806
[EPOCH 371] train_loss=0.2965 train_acc=0.9969 val_loss=0.8023 val_acc=0.7648
[EPOCH 372] train_loss=0.2938 train_acc=0.9987 val_loss=0.7692 val_acc=0.7801
[EPOCH 373] train_loss=0.2964 train_acc=0.9977 val_loss=0.7561 val_acc=0.7792
[EPOCH 374] train_loss=0.2968 train_acc=0.9971 val_loss=0.7613 val_acc=0.7802
[EPOCH 375] train_loss=0.2944 train_acc=0.9982 val_loss=0.7500 val_acc=0.7838
[EPOCH 376] train_loss=0.2961 train_acc=0.9980 val_loss=0.7833 val_acc=0.7730
[EPOCH 377] train_loss=0.2949 train_acc=0.9978 val_loss=0.8018 val_acc=0.7658
[EPOCH 378] train_loss=0.2954 train_acc=0.9973 val_loss=0.7775 val_acc=0.7766
[EPOCH 379] train_loss=0.2943 train_acc=0.9984 val_loss=0.7718 val_acc=0.7773
[EPOCH 380] train_loss=0.2975 train_acc=0.9962 val_loss=0.7550 val_acc=0.7772
[EPOCH 381] train_loss=0.2959 train_acc=0.9973 val_loss=0.7568 val_acc=0.7810
[EPOCH 382] train_loss=0.2955 train_acc=0.9977 val_loss=0.7732 val_acc=0.7730
[EPOCH 383] train_loss=0.2958 train_acc=0.9978 val_loss=0.7593 val_acc=0.7802
[EPOCH 384] train_loss=0.2974 train_acc=0.9966 val_loss=0.7847 val_acc=0.7727
[EPOCH 385] train_loss=0.2961 train_acc=0.9971 val_loss=0.7906 val_acc=0.7716
[EPOCH 386] train_loss=0.2963 train_acc=0.9977 val_loss=0.7936 val_acc=0.7683
[EPOCH 387] train_loss=0.2939 train_acc=0.9991 val_loss=0.7867 val_acc=0.7716
[EPOCH 388] train_loss=0.2986 train_acc=0.9957 val_loss=0.7886 val_acc=0.7723
[EPOCH 389] train_loss=0.2965 train_acc=0.9966 val_loss=0.7746 val_acc=0.7738
[EPOCH 390] train_loss=0.2976 train_acc=0.9969 val_loss=0.7118 val_acc=0.7943
[EPOCH 391] train_loss=0.2976 train_acc=0.9964 val_loss=0.7572 val_acc=0.7771
[EPOCH 392] train_loss=0.2975 train_acc=0.9962 val_loss=0.7340 val_acc=0.7825
[EPOCH 393] train_loss=0.2973 train_acc=0.9964 val_loss=0.7588 val_acc=0.7676
[EPOCH 394] train_loss=0.2963 train_acc=0.9971 val_loss=0.7629 val_acc=0.7705
[EPOCH 395] train_loss=0.2956 train_acc=0.9980 val_loss=0.7878 val_acc=0.7665
[EPOCH 396] train_loss=0.2936 train_acc=0.9991 val_loss=0.7726 val_acc=0.7713
[EPOCH 397] train_loss=0.2937 train_acc=0.9984 val_loss=0.7810 val_acc=0.7741
[EPOCH 398] train_loss=0.2946 train_acc=0.9982 val_loss=0.8223 val_acc=0.7672
[EPOCH 399] train_loss=0.2934 train_acc=0.9987 val_loss=0.7698 val_acc=0.7752
[EPOCH 400] train_loss=0.2939 train_acc=0.9982 val_loss=0.7551 val_acc=0.7824
[EPOCH 401] train_loss=0.2941 train_acc=0.9986 val_loss=0.7696 val_acc=0.7749
[EPOCH 402] train_loss=0.2974 train_acc=0.9969 val_loss=0.7590 val_acc=0.7806
[EPOCH 403] train_loss=0.2944 train_acc=0.9984 val_loss=0.7589 val_acc=0.7856
[EPOCH 404] train_loss=0.2967 train_acc=0.9977 val_loss=0.7493 val_acc=0.7802
[EPOCH 405] train_loss=0.2967 train_acc=0.9977 val_loss=0.7638 val_acc=0.7813
[EPOCH 406] train_loss=0.2949 train_acc=0.9980 val_loss=0.7757 val_acc=0.7752
[EPOCH 407] train_loss=0.2956 train_acc=0.9971 val_loss=0.7393 val_acc=0.7871
[EPOCH 408] train_loss=0.2942 train_acc=0.9989 val_loss=0.7370 val_acc=0.7834
[EPOCH 409] train_loss=0.2954 train_acc=0.9978 val_loss=0.7691 val_acc=0.7802
[EPOCH 410] train_loss=0.2944 train_acc=0.9984 val_loss=0.7544 val_acc=0.7859
[EPOCH 411] train_loss=0.2936 train_acc=0.9989 val_loss=0.7674 val_acc=0.7824
[EPOCH 412] train_loss=0.2950 train_acc=0.9973 val_loss=0.7572 val_acc=0.7817
[EPOCH 413] train_loss=0.2970 train_acc=0.9966 val_loss=0.7760 val_acc=0.7795
[EPOCH 414] train_loss=0.2973 train_acc=0.9971 val_loss=0.7192 val_acc=0.7919
[EPOCH 415] train_loss=0.2939 train_acc=0.9982 val_loss=0.7556 val_acc=0.7860
[EPOCH 416] train_loss=0.2936 train_acc=0.9991 val_loss=0.7507 val_acc=0.7824
[EPOCH 417] train_loss=0.2935 train_acc=0.9989 val_loss=0.7599 val_acc=0.7792
[EPOCH 418] train_loss=0.2948 train_acc=0.9982 val_loss=0.7713 val_acc=0.7759
[EPOCH 419] train_loss=0.2944 train_acc=0.9986 val_loss=0.7624 val_acc=0.7795
[EPOCH 420] train_loss=0.2941 train_acc=0.9986 val_loss=0.7727 val_acc=0.7813
[EPOCH 421] train_loss=0.2940 train_acc=0.9989 val_loss=0.7366 val_acc=0.7864
[EPOCH 422] train_loss=0.2953 train_acc=0.9978 val_loss=0.7796 val_acc=0.7769
[EPOCH 423] train_loss=0.2950 train_acc=0.9982 val_loss=0.7904 val_acc=0.7733
[EPOCH 424] train_loss=0.2986 train_acc=0.9962 val_loss=0.7576 val_acc=0.7795
[EPOCH 425] train_loss=0.2963 train_acc=0.9973 val_loss=0.7674 val_acc=0.7769
[EPOCH 426] train_loss=0.2956 train_acc=0.9978 val_loss=0.7593 val_acc=0.7784
[EPOCH 427] train_loss=0.2956 train_acc=0.9978 val_loss=0.7969 val_acc=0.7689
[EPOCH 428] train_loss=0.2957 train_acc=0.9977 val_loss=0.8244 val_acc=0.7596
[EPOCH 429] train_loss=0.2952 train_acc=0.9980 val_loss=0.7387 val_acc=0.7846
[EPOCH 430] train_loss=0.2952 train_acc=0.9980 val_loss=0.7449 val_acc=0.7841
[EPOCH 431] train_loss=0.2937 train_acc=0.9987 val_loss=0.7432 val_acc=0.7813
[EPOCH 432] train_loss=0.2948 train_acc=0.9982 val_loss=0.7431 val_acc=0.7820
[EPOCH 433] train_loss=0.2939 train_acc=0.9986 val_loss=0.7356 val_acc=0.7899
[EPOCH 434] train_loss=0.2961 train_acc=0.9977 val_loss=0.7754 val_acc=0.7718
[EPOCH 435] train_loss=0.2940 train_acc=0.9986 val_loss=0.7565 val_acc=0.7766
[EPOCH 436] train_loss=0.2966 train_acc=0.9968 val_loss=0.7831 val_acc=0.7658
[EPOCH 437] train_loss=0.2940 train_acc=0.9986 val_loss=0.7791 val_acc=0.7708
[EPOCH 438] train_loss=0.2976 train_acc=0.9971 val_loss=0.7944 val_acc=0.7690
[EPOCH 439] train_loss=0.2962 train_acc=0.9973 val_loss=0.7871 val_acc=0.7647
[EPOCH 440] train_loss=0.2939 train_acc=0.9984 val_loss=0.7973 val_acc=0.7664
[EPOCH 441] train_loss=0.2952 train_acc=0.9977 val_loss=0.7410 val_acc=0.7849
[EPOCH 442] train_loss=0.2954 train_acc=0.9977 val_loss=0.8013 val_acc=0.7633
[EPOCH 443] train_loss=0.2961 train_acc=0.9975 val_loss=0.7625 val_acc=0.7738
[EPOCH 444] train_loss=0.2946 train_acc=0.9986 val_loss=0.7745 val_acc=0.7730
[EPOCH 445] train_loss=0.2945 train_acc=0.9984 val_loss=0.7794 val_acc=0.7726
[EPOCH 446] train_loss=0.2930 train_acc=0.9991 val_loss=0.7698 val_acc=0.7787
[EPOCH 447] train_loss=0.2950 train_acc=0.9982 val_loss=0.8045 val_acc=0.7622
[EPOCH 448] train_loss=0.2943 train_acc=0.9982 val_loss=0.8144 val_acc=0.7628
[EPOCH 449] train_loss=0.2940 train_acc=0.9984 val_loss=0.7590 val_acc=0.7780
[EPOCH 450] train_loss=0.2936 train_acc=0.9989 val_loss=0.8064 val_acc=0.7650
[EPOCH 451] train_loss=0.2933 train_acc=0.9986 val_loss=0.7881 val_acc=0.7733
[EPOCH 452] train_loss=0.2969 train_acc=0.9964 val_loss=0.7770 val_acc=0.7744
[EPOCH 453] train_loss=0.2969 train_acc=0.9971 val_loss=0.7519 val_acc=0.7758
[EPOCH 454] train_loss=0.2945 train_acc=0.9986 val_loss=0.7237 val_acc=0.7917
[EPOCH 455] train_loss=0.2952 train_acc=0.9978 val_loss=0.7356 val_acc=0.7816
[EPOCH 456] train_loss=0.2952 train_acc=0.9980 val_loss=0.7611 val_acc=0.7723
[EPOCH 457] train_loss=0.2938 train_acc=0.9987 val_loss=0.7488 val_acc=0.7795
[EPOCH 458] train_loss=0.2937 train_acc=0.9991 val_loss=0.7660 val_acc=0.7741
[EPOCH 459] train_loss=0.2944 train_acc=0.9987 val_loss=0.7651 val_acc=0.7748
[EPOCH 460] train_loss=0.2948 train_acc=0.9980 val_loss=0.7395 val_acc=0.7860
[EPOCH 461] train_loss=0.2943 train_acc=0.9984 val_loss=0.7401 val_acc=0.7860
[EPOCH 462] train_loss=0.2948 train_acc=0.9984 val_loss=0.7581 val_acc=0.7780
[EPOCH 463] train_loss=0.2938 train_acc=0.9987 val_loss=0.7261 val_acc=0.7834
[EPOCH 464] train_loss=0.2961 train_acc=0.9973 val_loss=0.7442 val_acc=0.7856
[EPOCH 465] train_loss=0.2964 train_acc=0.9969 val_loss=0.7187 val_acc=0.7920
[EPOCH 466] train_loss=0.2935 train_acc=0.9989 val_loss=0.7684 val_acc=0.7805
[EPOCH 467] train_loss=0.2941 train_acc=0.9978 val_loss=0.7522 val_acc=0.7828
[EPOCH 468] train_loss=0.2932 train_acc=0.9989 val_loss=0.7679 val_acc=0.7801
[EPOCH 469] train_loss=0.2936 train_acc=0.9989 val_loss=0.7675 val_acc=0.7780
[EPOCH 470] train_loss=0.2933 train_acc=0.9991 val_loss=0.7492 val_acc=0.7864
[EPOCH 471] train_loss=0.2950 train_acc=0.9978 val_loss=0.7585 val_acc=0.7826
[EPOCH 472] train_loss=0.2932 train_acc=0.9989 val_loss=0.7517 val_acc=0.7812
[EPOCH 473] train_loss=0.2942 train_acc=0.9982 val_loss=0.7757 val_acc=0.7773
[EPOCH 474] train_loss=0.2930 train_acc=0.9989 val_loss=0.7516 val_acc=0.7867
[EPOCH 475] train_loss=0.2946 train_acc=0.9982 val_loss=0.7621 val_acc=0.7831
[EPOCH 476] train_loss=0.2941 train_acc=0.9986 val_loss=0.8124 val_acc=0.7618
[EPOCH 477] train_loss=0.2936 train_acc=0.9986 val_loss=0.7560 val_acc=0.7849
[EPOCH 478] train_loss=0.2953 train_acc=0.9978 val_loss=0.7641 val_acc=0.7780
[EPOCH 479] train_loss=0.2941 train_acc=0.9986 val_loss=0.7757 val_acc=0.7705
[EPOCH 480] train_loss=0.2951 train_acc=0.9980 val_loss=0.7937 val_acc=0.7630
[EPOCH 481] train_loss=0.2949 train_acc=0.9982 val_loss=0.7542 val_acc=0.7798
[EPOCH 482] train_loss=0.2950 train_acc=0.9982 val_loss=0.7688 val_acc=0.7726
[EPOCH 483] train_loss=0.2934 train_acc=0.9989 val_loss=0.8076 val_acc=0.7629
[EPOCH 484] train_loss=0.2949 train_acc=0.9980 val_loss=0.7962 val_acc=0.7661
[EPOCH 485] train_loss=0.2946 train_acc=0.9980 val_loss=0.8141 val_acc=0.7597
[EPOCH 486] train_loss=0.2942 train_acc=0.9986 val_loss=0.8126 val_acc=0.7575
[EPOCH 487] train_loss=0.2936 train_acc=0.9991 val_loss=0.7958 val_acc=0.7657
[EPOCH 488] train_loss=0.2950 train_acc=0.9975 val_loss=0.8044 val_acc=0.7618
[EPOCH 489] train_loss=0.2952 train_acc=0.9984 val_loss=0.8078 val_acc=0.7629
[EPOCH 490] train_loss=0.2932 train_acc=0.9991 val_loss=0.8053 val_acc=0.7636
[EPOCH 491] train_loss=0.2940 train_acc=0.9984 val_loss=0.7980 val_acc=0.7687
[EPOCH 492] train_loss=0.2943 train_acc=0.9987 val_loss=0.7708 val_acc=0.7749
[EPOCH 493] train_loss=0.2941 train_acc=0.9986 val_loss=0.7757 val_acc=0.7734
[EPOCH 494] train_loss=0.2945 train_acc=0.9982 val_loss=0.7783 val_acc=0.7748
[EPOCH 495] train_loss=0.2937 train_acc=0.9982 val_loss=0.8080 val_acc=0.7626
[EPOCH 496] train_loss=0.2937 train_acc=0.9989 val_loss=0.8300 val_acc=0.7612
[EPOCH 497] train_loss=0.2934 train_acc=0.9987 val_loss=0.7701 val_acc=0.7781
[EPOCH 498] train_loss=0.2940 train_acc=0.9984 val_loss=0.7603 val_acc=0.7753
[EPOCH 499] train_loss=0.2945 train_acc=0.9980 val_loss=0.7780 val_acc=0.7735
=====================================================
             AVALIAÇÃO FINAL DO MODELO               
=====================================================
{'val_loss_final': 0.7780452613001583, 'val_accuracy_final': 0.7734674331785618}
